2025-07-17 22:03:49,364 - INFO - Starting Amazon rice product scraping...
2025-07-17 22:03:56,299 - INFO - Scraping page 1 - Products collected: 0
2025-07-17 22:03:58,788 - INFO - Extracted: Rainbow Rice Sensory Bin Filler for Sensory Table ...
2025-07-17 22:03:59,506 - INFO - Extracted: Jasmine Long Grain Rice, 2 Lb (Previously Amazon F...
2025-07-17 22:04:00,905 - INFO - Extracted: Long Grain White Rice 4-Gallon Pail, Emergency Foo...
2025-07-17 22:04:02,232 - INFO - Extracted: Calrose Rice, Nomura Yellow, 15-Pound...
2025-07-17 22:04:03,253 - INFO - Extracted: Rice Sushi, 5 Lb...
2025-07-17 22:04:03,979 - INFO - Extracted: Spanish Style Yellow Rice, 3.4 lbs....
2025-07-17 22:04:04,906 - INFO - Extracted: Royal Blend, Blend Of Texmati White, Brown, Red, A...
2025-07-17 22:04:06,396 - INFO - Extracted: Organic White Jasmine Rice, 30 OZ...
2025-07-17 22:04:08,146 - INFO - Extracted: Premium Long Grain Aromatic Jasmine White Rice - S...
2025-07-17 22:04:09,476 - INFO - Extracted: Cooked Brown Rice, 7.4-Ounces (Pack of 6)...
2025-07-17 22:04:10,690 - INFO - Extracted: RICE WHT SPANSH STYLE ENT 5.5 OZ...
2025-07-17 22:04:11,860 - INFO - Extracted: Organic White Jasmine Rice, 8 Ounce...
2025-07-17 22:04:12,622 - INFO - Extracted: Authentic Red Beans & Rice, Low Fat, 8oz (Red Bean...
2025-07-17 22:04:14,157 - INFO - Extracted: Rice Org W/Cocnut Rte 7.05 OZ...
2025-07-17 22:04:15,274 - INFO - Extracted: Spanish Rice Pilaf, 6.75 Oz...
2025-07-17 22:04:16,761 - INFO - Extracted: Everything But The Fried Rice Seasoning | All Natu...
2025-07-17 22:04:17,917 - INFO - Extracted: Diva Select bag, ShortGrain SpanishStyle Rice, Fir...
2025-07-17 22:04:18,749 - INFO - Extracted: Rice Dispenser 25 Lbs(11.3kg), Rice Storage Contai...
2025-07-17 22:04:19,561 - INFO - Extracted: Red Yeast Rice 1200mg with CoQ10 Supplement & Flus...
2025-07-17 22:04:20,835 - INFO - Extracted: Red Yeast Rice 2,400mg with CoQ10, 240 Veggie Caps...
2025-07-17 22:04:22,168 - INFO - Extracted: Rice Jam Mask 12.3oz – Korean Icheon Rice Face & B...
2025-07-17 22:04:23,752 - INFO - Extracted: Housewares 4-Cups (Cooked) / 1Qt. Rice & Grain Coo...
2025-07-17 22:04:25,135 - INFO - Extracted: White Peach & Crushed Rice Body Scrub Exfoliates a...
2025-07-17 22:04:26,305 - INFO - Extracted: Nadeshiko Rice Mask (10 pieces) - Imported from Ja...
2025-07-17 22:04:27,164 - INFO - Extracted: Korean Rice Mochi Face Cleanser - Face Mask, Foami...
2025-07-17 22:04:27,941 - INFO - Extracted: Duo Plus 9-in-1 Multicooker, Pressure Cooker, Slow...
2025-07-17 22:04:28,713 - INFO - Extracted: Housewares Aroma 6-cup (cooked) 1.5 Qt. One Touch ...
2025-07-17 22:04:29,736 - INFO - Extracted: 22-25 Lbs Rice Dispenser, Large Cereal Dry Food St...
2025-07-17 22:04:31,204 - INFO - Extracted: 101 Things To Do With Rice...
2025-07-17 22:04:32,546 - INFO - Extracted: Rice: Discover Delicious Rice Recipes to Re-Imagin...
2025-07-17 22:04:33,972 - INFO - Extracted: Rice Washer Strainer Bowl - 4-in-1 Washing Bowl fo...
2025-07-17 22:04:34,620 - INFO - Extracted: ERC003B Electric Rice Cooker with Automatic Keep W...
2025-07-17 22:04:36,271 - INFO - Extracted: Rice Cooker 10 Cup, 24h Keep Warm, 18 Functions Fu...
2025-07-17 22:04:37,313 - INFO - Extracted: Premium Sushi Rice, 10lbs...
2025-07-17 22:04:38,804 - INFO - Extracted: RICE ENZYME BRIGHTENING CLEANSING POWDER, Rice Mas...
2025-07-17 22:04:39,807 - INFO - Extracted: Rice Water Shampoo Bar - Dry Hair Shampoo & Soap B...
2025-07-17 22:04:41,120 - INFO - Extracted: Zojirushi Rice cooker Cookbook: 210+ Perfect Rice ...
2025-07-17 22:04:42,459 - INFO - Extracted: Easy Rice Cookbook...
2025-07-17 22:04:43,534 - INFO - Extracted: The Simple Art of Rice: Recipes from Around the Wo...
2025-07-17 22:04:44,776 - INFO - Extracted: Low Carb Sugar Rice Cooker 2 Cups Uncooked and 4 C...
2025-07-17 22:04:46,042 - INFO - Extracted: Rice Recipes: Enjoy All Types of Rice with Delicio...
2025-07-17 22:04:47,240 - INFO - Extracted: Rice Cookbook: An Easy Rice Cookbook with 50 Delic...
2025-07-17 22:04:47,883 - INFO - Extracted: Compact Rice Cooker, 6-in-1 Stainless Steel Multi ...
2025-07-17 22:04:49,354 - INFO - Extracted: 2Pack Rice Exfoliating Ampoule Set – Black & White...
2025-07-17 22:04:50,154 - INFO - Extracted: 16-Cup Rice Cooker, 8-Cup Uncooked Rice, Steaming ...
2025-07-17 22:04:51,576 - INFO - Extracted: Ultimate Nourishing Rice Overnight Spa Mask, 60ml ...
2025-07-17 22:04:53,313 - INFO - Extracted: Rice Cooker 12 Cups Cooked/6 Cups Uncooked, Portab...
2025-07-17 22:04:54,492 - INFO - Extracted: NEW Fermented Rice Water for Hair Growth - Infused...
2025-07-17 22:04:55,393 - INFO - Extracted: Digital Programmable Rice Cooker & Food Steamer, 8...
2025-07-17 22:04:56,893 - INFO - Extracted: Ultimate Potato & Rice Cookbook: Main Dishes, Cass...
2025-07-17 22:05:02,206 - INFO - Scraping completed. Total products collected: 50
2025-07-17 22:05:04,576 - INFO - Data saved to amazon_rice_products.csv
2025-07-17 22:05:04,579 - INFO - Data saved to amazon_rice_products.json
2025-07-17 22:20:57,664 - INFO - Starting Amazon rice product scraping...
2025-07-17 22:21:04,729 - INFO - Scraping page 1 - Products collected: 0
2025-07-17 22:21:08,212 - INFO - Extracted: Amazon Brand - Happy Belly Brown Rice, 5 lb (Pack ...
2025-07-17 22:21:09,538 - INFO - Extracted: Jasmine Long Grain Rice, 2 Lb (Previously Amazon F...
2025-07-17 22:21:10,717 - INFO - Extracted: Long Grain White Rice 4-Gallon Pail, Emergency Foo...
2025-07-17 22:21:12,518 - INFO - Extracted: Spanish Style Yellow Rice, 3.4 lbs....
2025-07-17 22:21:13,903 - INFO - Extracted: Calrose Rice, Nomura Yellow, 15-Pound...
2025-07-17 22:21:14,992 - INFO - Extracted: Rice Sushi, 5 Lb...
2025-07-17 22:21:16,133 - INFO - Extracted: Royal Blend, Blend Of Texmati White, Brown, Red, A...
2025-07-17 22:21:16,906 - INFO - Extracted: Premium Long Grain Aromatic Jasmine White Rice - S...
2025-07-17 22:21:18,265 - INFO - Extracted: Cooked Brown Rice, 7.4-Ounces (Pack of 6)...
2025-07-17 22:21:19,970 - INFO - Extracted: Organic White Jasmine Rice, 30 OZ...
2025-07-17 22:21:21,327 - INFO - Extracted: RICE WHT SPANSH STYLE ENT 5.5 OZ...
2025-07-17 22:21:23,593 - INFO - Extracted: Authentic Red Beans & Rice, Low Fat, 8oz (Red Bean...
2025-07-17 22:21:26,406 - INFO - Extracted: Organic White Jasmine Rice, 8 Ounce...
2025-07-17 22:21:27,938 - INFO - Extracted: Rice Org W/Cocnut Rte 7.05 OZ...
2025-07-17 22:21:29,178 - INFO - Extracted: 22-25 Lbs Rice Dispenser, Large Cereal Dry Food St...
2025-07-17 22:21:30,099 - INFO - Extracted: Spanish Rice Pilaf, 6.75 Oz...
2025-07-17 22:21:31,696 - INFO - Extracted: Diva Select bag, ShortGrain SpanishStyle Rice, Fir...
2025-07-17 22:21:33,210 - INFO - Extracted: Everything But The Fried Rice Seasoning | All Natu...
2025-07-17 22:21:34,368 - INFO - Extracted: Red Yeast Rice 1200mg with CoQ10 Supplement & Flus...
2025-07-17 22:21:36,008 - INFO - Extracted: Red Yeast Rice 2,400mg with CoQ10, 240 Veggie Caps...
2025-07-17 22:21:37,615 - INFO - Extracted: Rice Jam Mask 12.3oz – Korean Icheon Rice Face & B...
2025-07-17 22:21:38,528 - INFO - Extracted: Rice Dispenser 25 Lbs(11.3kg), Rice Storage Contai...
2025-07-17 22:21:39,957 - INFO - Extracted: Housewares 4-Cups (Cooked) / 1Qt. Rice & Grain Coo...
2025-07-17 22:21:40,931 - INFO - Extracted: Duo Plus 9-in-1 Multicooker, Pressure Cooker, Slow...
2025-07-17 22:21:42,603 - INFO - Extracted: 101 Things To Do With Rice...
2025-07-17 22:21:44,103 - INFO - Extracted: Anne Rice's Interview with the Vampire (TV Series)...
2025-07-17 22:21:44,928 - INFO - Extracted: Rice...
2025-07-17 22:21:45,731 - INFO - Extracted: Rice Cooker 10 Cup, 24h Keep Warm, 18 Functions Fu...
2025-07-17 22:21:47,331 - INFO - Extracted: Rice Dispenser 25 Lbs(11.3kg), Rice Storage Contai...
2025-07-17 22:21:48,406 - INFO - Extracted: Rice: Discover Delicious Rice Recipes to Re-Imagin...
2025-07-17 22:21:49,663 - INFO - Extracted: Rice Water Hair Growth Shampoo - Biotin Thickening...
2025-07-17 22:21:51,104 - INFO - Extracted: Rice is Life (TV Series)...
2025-07-17 22:21:52,211 - INFO - Extracted: Rice Cookbook: An Easy Rice Cookbook with 50 Delic...
2025-07-17 22:21:53,566 - INFO - Extracted: The Simple Art of Rice: Recipes from Around the Wo...
2025-07-17 22:21:54,715 - INFO - Extracted: Premium Sushi Rice, 10lbs...
2025-07-17 22:21:55,933 - INFO - Extracted: Nadeshiko Rice Mask (10 pieces) - Imported from Ja...
2025-07-17 22:21:57,536 - INFO - Extracted: Housewares Aroma 6-cup (cooked) 1.5 Qt. One Touch ...
2025-07-17 22:21:59,051 - INFO - Extracted: Easy Rice Cookbook...
2025-07-17 22:22:00,418 - INFO - Extracted: Rice Recipes: Enjoy All Types of Rice with Delicio...
2025-07-17 22:22:01,423 - INFO - Extracted: Korean Rice Mochi Face Cleanser - Face Mask, Foami...
2025-07-17 22:22:02,809 - INFO - Extracted: Zojirushi Rice cooker Cookbook: 210+ Perfect Rice ...
2025-07-17 22:22:04,042 - INFO - Extracted: Rice Water Hair Growth Shampoo & Conditioner: Biot...
2025-07-17 22:22:05,591 - INFO - Extracted: White Peach & Crushed Rice Body Scrub Exfoliates a...
2025-07-17 22:22:06,544 - INFO - Extracted: Everyday Rice Cookbook: 200 Recipes for Main Dishe...
2025-07-17 22:22:07,402 - INFO - Extracted: RICE ENZYME BRIGHTENING CLEANSING POWDER, Rice Mas...
2025-07-17 22:22:08,581 - INFO - Extracted: Rice Craft: Yummy! Healthy! Fun to Make!...
2025-07-17 22:22:09,669 - INFO - Extracted: Anne Rice's Mayfair Witches (TV Series)...
2025-07-17 22:22:10,739 - INFO - Extracted: Rice: The Grain that Sustains...
2025-07-17 22:22:12,255 - INFO - Extracted: The Amazing World of Rice: with 150 Recipes for Pi...
2025-07-17 22:22:13,303 - INFO - Extracted: Low Carb Sugar Rice Cooker 2 Cups Uncooked and 4 C...
2025-07-17 22:22:18,837 - INFO - Scraping completed. Total products collected: 50
2025-07-17 22:22:21,581 - INFO - Data saved to amazon_rice_products.csv
2025-07-17 22:22:21,587 - INFO - Data saved to amazon_rice_products.json
2025-07-17 22:24:36,610 - INFO - Starting Amazon rice product scraping...
2025-07-17 22:24:41,839 - INFO - Scraping page 1 - Products collected: 0
2025-07-17 22:24:45,908 - INFO - Extracted: Jasmine Long Grain Rice, 2 Lb (Previously Amazon F...
2025-07-17 22:24:47,501 - INFO - Extracted: Spanish Style Yellow Rice, 3.4 lbs....
2025-07-17 22:24:48,884 - INFO - Extracted: Rice Sushi, 5 Lb...
2025-07-17 22:24:49,620 - INFO - Extracted: Calrose Rice, Nomura Yellow, 15-Pound...
2025-07-17 22:24:50,349 - INFO - Extracted: Long Grain White Rice 4-Gallon Pail, Emergency Foo...
2025-07-17 22:24:51,061 - INFO - Extracted: Royal Blend, Blend Of Texmati White, Brown, Red, A...
2025-07-17 22:24:51,764 - INFO - Extracted: Premium Long Grain Aromatic Jasmine White Rice - S...
2025-07-17 22:24:53,310 - INFO - Extracted: Organic White Jasmine Rice, 8 Ounce...
2025-07-17 22:24:54,669 - INFO - Extracted: Organic White Jasmine Rice, 30 OZ...
2025-07-17 22:24:55,809 - INFO - Extracted: RICE WHT SPANSH STYLE ENT 5.5 OZ...
2025-07-17 22:24:56,954 - INFO - Extracted: Cooked Brown Rice, 7.4-Ounces (Pack of 6)...
2025-07-17 22:24:57,585 - INFO - Extracted: Authentic Red Beans & Rice, Low Fat, 8oz (Red Bean...
2025-07-17 22:24:58,401 - INFO - Extracted: Rice Org W/Cocnut Rte 7.05 OZ...
2025-07-17 22:24:59,138 - INFO - Extracted: Spanish Rice Pilaf, 6.75 Oz...
2025-07-17 22:25:00,454 - INFO - Extracted: Everything But The Fried Rice Seasoning | All Natu...
2025-07-17 22:25:01,366 - INFO - Extracted: Red Yeast Rice 1200mg with CoQ10 Supplement & Flus...
2025-07-17 22:25:02,072 - INFO - Extracted: Housewares 4-Cups (Cooked) / 1Qt. Rice & Grain Coo...
2025-07-17 22:25:03,518 - INFO - Extracted: Rice Dispenser 25 Lbs(11.3kg), Rice Storage Contai...
2025-07-17 22:25:04,571 - INFO - Extracted: The Meat & Rice Cookbook: Hearty Asian Meat and Ri...
2025-07-17 22:25:05,766 - INFO - Extracted: Rice Jam Mask 12.3oz – Korean Icheon Rice Face & B...
2025-07-17 22:25:07,259 - INFO - Extracted: Korean Rice Mochi Face Cleanser - Face Mask, Foami...
2025-07-17 22:25:08,175 - INFO - Extracted: Rice Foam Cleanser - Gentle Korean Face Wash with ...
2025-07-17 22:25:09,267 - INFO - Extracted: Rice: Discover Delicious Rice Recipes to Re-Imagin...
2025-07-17 22:25:10,720 - INFO - Extracted: Rice Recipes: Enjoy All Types of Rice with Delicio...
2025-07-17 22:25:11,361 - INFO - Extracted: Red Yeast Rice 2,400mg with CoQ10, 240 Veggie Caps...
2025-07-17 22:25:12,748 - INFO - Extracted: 2PC Peel Shot Glow Rice Ampoule Duo, 2025 Upgrade ...
2025-07-17 22:25:13,928 - INFO - Extracted: White Peach & Crushed Rice Body Scrub Exfoliates a...
2025-07-17 22:25:15,368 - INFO - Extracted: Rice Cookbook: An Easy Rice Cookbook with 50 Delic...
2025-07-17 22:25:16,286 - INFO - Extracted: The Ultimate Aroma Rice Cooker Cookbook: 110 Quick...
2025-07-17 22:25:17,326 - ERROR - Error extracting product data: Message: tab crashed
  (Session info: chrome=138.0.7204.158)
Stacktrace:
	GetHandleVerifier [0x0x7ff6d183e925+77845]
	GetHandleVerifier [0x0x7ff6d183e980+77936]
	(No symbol) [0x0x7ff6d15f9b0c]
	(No symbol) [0x0x7ff6d15e8aa9]
	(No symbol) [0x0x7ff6d15e7b72]
	(No symbol) [0x0x7ff6d15e7616]
	(No symbol) [0x0x7ff6d15e72da]
	(No symbol) [0x0x7ff6d15e4eab]
	(No symbol) [0x0x7ff6d15e590f]
	(No symbol) [0x0x7ff6d15f453e]
	(No symbol) [0x0x7ff6d160a4f1]
	(No symbol) [0x0x7ff6d161165a]
	(No symbol) [0x0x7ff6d15e60ad]
	(No symbol) [0x0x7ff6d1609ce1]
	(No symbol) [0x0x7ff6d16a09e1]
	(No symbol) [0x0x7ff6d16786a3]
	(No symbol) [0x0x7ff6d1641791]
	(No symbol) [0x0x7ff6d1642523]
	GetHandleVerifier [0x0x7ff6d1b1683d+3059501]
	GetHandleVerifier [0x0x7ff6d1b10bfd+3035885]
	GetHandleVerifier [0x0x7ff6d1b303f0+3164896]
	GetHandleVerifier [0x0x7ff6d1858c2e+185118]
	GetHandleVerifier [0x0x7ff6d186053f+216111]
	GetHandleVerifier [0x0x7ff6d18472d4+113092]
	GetHandleVerifier [0x0x7ff6d1847489+113529]
	GetHandleVerifier [0x0x7ff6d182e288+10616]
	BaseThreadInitThunk [0x0x7fffc00d259d+29]
	RtlUserThreadStart [0x0x7fffc224af78+40]

2025-07-17 22:25:18,516 - ERROR - Error extracting product data: Message: tab crashed
  (Session info: chrome=138.0.7204.158)
Stacktrace:
	GetHandleVerifier [0x0x7ff6d183e925+77845]
	GetHandleVerifier [0x0x7ff6d183e980+77936]
	(No symbol) [0x0x7ff6d15f9b0c]
	(No symbol) [0x0x7ff6d15e727b]
	(No symbol) [0x0x7ff6d15e4eab]
	(No symbol) [0x0x7ff6d15e590f]
	(No symbol) [0x0x7ff6d15f453e]
	(No symbol) [0x0x7ff6d160a4f1]
	(No symbol) [0x0x7ff6d161165a]
	(No symbol) [0x0x7ff6d15e60ad]
	(No symbol) [0x0x7ff6d1609ce1]
	(No symbol) [0x0x7ff6d16a09e1]
	(No symbol) [0x0x7ff6d16786a3]
	(No symbol) [0x0x7ff6d1641791]
	(No symbol) [0x0x7ff6d1642523]
	GetHandleVerifier [0x0x7ff6d1b1683d+3059501]
	GetHandleVerifier [0x0x7ff6d1b10bfd+3035885]
	GetHandleVerifier [0x0x7ff6d1b303f0+3164896]
	GetHandleVerifier [0x0x7ff6d1858c2e+185118]
	GetHandleVerifier [0x0x7ff6d186053f+216111]
	GetHandleVerifier [0x0x7ff6d18472d4+113092]
	GetHandleVerifier [0x0x7ff6d1847489+113529]
	GetHandleVerifier [0x0x7ff6d182e288+10616]
	BaseThreadInitThunk [0x0x7fffc00d259d+29]
	RtlUserThreadStart [0x0x7fffc224af78+40]

2025-07-17 22:25:19,484 - ERROR - Error extracting product data: Message: tab crashed
  (Session info: chrome=138.0.7204.158)
Stacktrace:
	GetHandleVerifier [0x0x7ff6d183e925+77845]
	GetHandleVerifier [0x0x7ff6d183e980+77936]
	(No symbol) [0x0x7ff6d15f9b0c]
	(No symbol) [0x0x7ff6d15e727b]
	(No symbol) [0x0x7ff6d15e4eab]
	(No symbol) [0x0x7ff6d15e590f]
	(No symbol) [0x0x7ff6d15f453e]
	(No symbol) [0x0x7ff6d160a4f1]
	(No symbol) [0x0x7ff6d161165a]
	(No symbol) [0x0x7ff6d15e60ad]
	(No symbol) [0x0x7ff6d1609ce1]
	(No symbol) [0x0x7ff6d16a09e1]
	(No symbol) [0x0x7ff6d16786a3]
	(No symbol) [0x0x7ff6d1641791]
	(No symbol) [0x0x7ff6d1642523]
	GetHandleVerifier [0x0x7ff6d1b1683d+3059501]
	GetHandleVerifier [0x0x7ff6d1b10bfd+3035885]
	GetHandleVerifier [0x0x7ff6d1b303f0+3164896]
	GetHandleVerifier [0x0x7ff6d1858c2e+185118]
	GetHandleVerifier [0x0x7ff6d186053f+216111]
	GetHandleVerifier [0x0x7ff6d18472d4+113092]
	GetHandleVerifier [0x0x7ff6d1847489+113529]
	GetHandleVerifier [0x0x7ff6d182e288+10616]
	BaseThreadInitThunk [0x0x7fffc00d259d+29]
	RtlUserThreadStart [0x0x7fffc224af78+40]

2025-07-17 22:25:20,068 - ERROR - Error extracting product data: Message: tab crashed
  (Session info: chrome=138.0.7204.158)
Stacktrace:
	GetHandleVerifier [0x0x7ff6d183e925+77845]
	GetHandleVerifier [0x0x7ff6d183e980+77936]
	(No symbol) [0x0x7ff6d15f9b0c]
	(No symbol) [0x0x7ff6d15e727b]
	(No symbol) [0x0x7ff6d15e4eab]
	(No symbol) [0x0x7ff6d15e590f]
	(No symbol) [0x0x7ff6d15f453e]
	(No symbol) [0x0x7ff6d160a4f1]
	(No symbol) [0x0x7ff6d161165a]
	(No symbol) [0x0x7ff6d15e60ad]
	(No symbol) [0x0x7ff6d1609ce1]
	(No symbol) [0x0x7ff6d16a09e1]
	(No symbol) [0x0x7ff6d16786a3]
	(No symbol) [0x0x7ff6d1641791]
	(No symbol) [0x0x7ff6d1642523]
	GetHandleVerifier [0x0x7ff6d1b1683d+3059501]
	GetHandleVerifier [0x0x7ff6d1b10bfd+3035885]
	GetHandleVerifier [0x0x7ff6d1b303f0+3164896]
	GetHandleVerifier [0x0x7ff6d1858c2e+185118]
	GetHandleVerifier [0x0x7ff6d186053f+216111]
	GetHandleVerifier [0x0x7ff6d18472d4+113092]
	GetHandleVerifier [0x0x7ff6d1847489+113529]
	GetHandleVerifier [0x0x7ff6d182e288+10616]
	BaseThreadInitThunk [0x0x7fffc00d259d+29]
	RtlUserThreadStart [0x0x7fffc224af78+40]

2025-07-17 22:25:20,695 - ERROR - Error extracting product data: Message: tab crashed
  (Session info: chrome=138.0.7204.158)
Stacktrace:
	GetHandleVerifier [0x0x7ff6d183e925+77845]
	GetHandleVerifier [0x0x7ff6d183e980+77936]
	(No symbol) [0x0x7ff6d15f9b0c]
	(No symbol) [0x0x7ff6d15e727b]
	(No symbol) [0x0x7ff6d15e4eab]
	(No symbol) [0x0x7ff6d15e590f]
	(No symbol) [0x0x7ff6d15f453e]
	(No symbol) [0x0x7ff6d160a4f1]
	(No symbol) [0x0x7ff6d161165a]
	(No symbol) [0x0x7ff6d15e60ad]
	(No symbol) [0x0x7ff6d1609ce1]
	(No symbol) [0x0x7ff6d16a09e1]
	(No symbol) [0x0x7ff6d16786a3]
	(No symbol) [0x0x7ff6d1641791]
	(No symbol) [0x0x7ff6d1642523]
	GetHandleVerifier [0x0x7ff6d1b1683d+3059501]
	GetHandleVerifier [0x0x7ff6d1b10bfd+3035885]
	GetHandleVerifier [0x0x7ff6d1b303f0+3164896]
	GetHandleVerifier [0x0x7ff6d1858c2e+185118]
	GetHandleVerifier [0x0x7ff6d186053f+216111]
	GetHandleVerifier [0x0x7ff6d18472d4+113092]
	GetHandleVerifier [0x0x7ff6d1847489+113529]
	GetHandleVerifier [0x0x7ff6d182e288+10616]
	BaseThreadInitThunk [0x0x7fffc00d259d+29]
	RtlUserThreadStart [0x0x7fffc224af78+40]

2025-07-17 22:25:21,307 - ERROR - Error extracting product data: Message: tab crashed
  (Session info: chrome=138.0.7204.158)
Stacktrace:
	GetHandleVerifier [0x0x7ff6d183e925+77845]
	GetHandleVerifier [0x0x7ff6d183e980+77936]
	(No symbol) [0x0x7ff6d15f9b0c]
	(No symbol) [0x0x7ff6d15e727b]
	(No symbol) [0x0x7ff6d15e4eab]
	(No symbol) [0x0x7ff6d15e590f]
	(No symbol) [0x0x7ff6d15f453e]
	(No symbol) [0x0x7ff6d160a4f1]
	(No symbol) [0x0x7ff6d161165a]
	(No symbol) [0x0x7ff6d15e60ad]
	(No symbol) [0x0x7ff6d1609ce1]
	(No symbol) [0x0x7ff6d16a09e1]
	(No symbol) [0x0x7ff6d16786a3]
	(No symbol) [0x0x7ff6d1641791]
	(No symbol) [0x0x7ff6d1642523]
	GetHandleVerifier [0x0x7ff6d1b1683d+3059501]
	GetHandleVerifier [0x0x7ff6d1b10bfd+3035885]
	GetHandleVerifier [0x0x7ff6d1b303f0+3164896]
	GetHandleVerifier [0x0x7ff6d1858c2e+185118]
	GetHandleVerifier [0x0x7ff6d186053f+216111]
	GetHandleVerifier [0x0x7ff6d18472d4+113092]
	GetHandleVerifier [0x0x7ff6d1847489+113529]
	GetHandleVerifier [0x0x7ff6d182e288+10616]
	BaseThreadInitThunk [0x0x7fffc00d259d+29]
	RtlUserThreadStart [0x0x7fffc224af78+40]

2025-07-17 22:25:22,383 - ERROR - Error extracting product data: Message: tab crashed
  (Session info: chrome=138.0.7204.158)
Stacktrace:
	GetHandleVerifier [0x0x7ff6d183e925+77845]
	GetHandleVerifier [0x0x7ff6d183e980+77936]
	(No symbol) [0x0x7ff6d15f9b0c]
	(No symbol) [0x0x7ff6d15e727b]
	(No symbol) [0x0x7ff6d15e4eab]
	(No symbol) [0x0x7ff6d15e590f]
	(No symbol) [0x0x7ff6d15f453e]
	(No symbol) [0x0x7ff6d160a4f1]
	(No symbol) [0x0x7ff6d161165a]
	(No symbol) [0x0x7ff6d15e60ad]
	(No symbol) [0x0x7ff6d1609ce1]
	(No symbol) [0x0x7ff6d16a09e1]
	(No symbol) [0x0x7ff6d16786a3]
	(No symbol) [0x0x7ff6d1641791]
	(No symbol) [0x0x7ff6d1642523]
	GetHandleVerifier [0x0x7ff6d1b1683d+3059501]
	GetHandleVerifier [0x0x7ff6d1b10bfd+3035885]
	GetHandleVerifier [0x0x7ff6d1b303f0+3164896]
	GetHandleVerifier [0x0x7ff6d1858c2e+185118]
	GetHandleVerifier [0x0x7ff6d186053f+216111]
	GetHandleVerifier [0x0x7ff6d18472d4+113092]
	GetHandleVerifier [0x0x7ff6d1847489+113529]
	GetHandleVerifier [0x0x7ff6d182e288+10616]
	BaseThreadInitThunk [0x0x7fffc00d259d+29]
	RtlUserThreadStart [0x0x7fffc224af78+40]

2025-07-17 22:25:23,664 - ERROR - Error extracting product data: Message: tab crashed
  (Session info: chrome=138.0.7204.158)
Stacktrace:
	GetHandleVerifier [0x0x7ff6d183e925+77845]
	GetHandleVerifier [0x0x7ff6d183e980+77936]
	(No symbol) [0x0x7ff6d15f9b0c]
	(No symbol) [0x0x7ff6d15e727b]
	(No symbol) [0x0x7ff6d15e4eab]
	(No symbol) [0x0x7ff6d15e590f]
	(No symbol) [0x0x7ff6d15f453e]
	(No symbol) [0x0x7ff6d160a4f1]
	(No symbol) [0x0x7ff6d161165a]
	(No symbol) [0x0x7ff6d15e60ad]
	(No symbol) [0x0x7ff6d1609ce1]
	(No symbol) [0x0x7ff6d16a09e1]
	(No symbol) [0x0x7ff6d16786a3]
	(No symbol) [0x0x7ff6d1641791]
	(No symbol) [0x0x7ff6d1642523]
	GetHandleVerifier [0x0x7ff6d1b1683d+3059501]
	GetHandleVerifier [0x0x7ff6d1b10bfd+3035885]
	GetHandleVerifier [0x0x7ff6d1b303f0+3164896]
	GetHandleVerifier [0x0x7ff6d1858c2e+185118]
	GetHandleVerifier [0x0x7ff6d186053f+216111]
	GetHandleVerifier [0x0x7ff6d18472d4+113092]
	GetHandleVerifier [0x0x7ff6d1847489+113529]
	GetHandleVerifier [0x0x7ff6d182e288+10616]
	BaseThreadInitThunk [0x0x7fffc00d259d+29]
	RtlUserThreadStart [0x0x7fffc224af78+40]

2025-07-17 22:25:24,365 - ERROR - Error extracting product data: Message: tab crashed
  (Session info: chrome=138.0.7204.158)
Stacktrace:
	GetHandleVerifier [0x0x7ff6d183e925+77845]
	GetHandleVerifier [0x0x7ff6d183e980+77936]
	(No symbol) [0x0x7ff6d15f9b0c]
	(No symbol) [0x0x7ff6d15e727b]
	(No symbol) [0x0x7ff6d15e4eab]
	(No symbol) [0x0x7ff6d15e590f]
	(No symbol) [0x0x7ff6d15f453e]
	(No symbol) [0x0x7ff6d160a4f1]
	(No symbol) [0x0x7ff6d161165a]
	(No symbol) [0x0x7ff6d15e60ad]
	(No symbol) [0x0x7ff6d1609ce1]
	(No symbol) [0x0x7ff6d16a09e1]
	(No symbol) [0x0x7ff6d16786a3]
	(No symbol) [0x0x7ff6d1641791]
	(No symbol) [0x0x7ff6d1642523]
	GetHandleVerifier [0x0x7ff6d1b1683d+3059501]
	GetHandleVerifier [0x0x7ff6d1b10bfd+3035885]
	GetHandleVerifier [0x0x7ff6d1b303f0+3164896]
	GetHandleVerifier [0x0x7ff6d1858c2e+185118]
	GetHandleVerifier [0x0x7ff6d186053f+216111]
	GetHandleVerifier [0x0x7ff6d18472d4+113092]
	GetHandleVerifier [0x0x7ff6d1847489+113529]
	GetHandleVerifier [0x0x7ff6d182e288+10616]
	BaseThreadInitThunk [0x0x7fffc00d259d+29]
	RtlUserThreadStart [0x0x7fffc224af78+40]

2025-07-17 22:25:25,462 - ERROR - Error extracting product data: Message: tab crashed
  (Session info: chrome=138.0.7204.158)
Stacktrace:
	GetHandleVerifier [0x0x7ff6d183e925+77845]
	GetHandleVerifier [0x0x7ff6d183e980+77936]
	(No symbol) [0x0x7ff6d15f9b0c]
	(No symbol) [0x0x7ff6d15e727b]
	(No symbol) [0x0x7ff6d15e4eab]
	(No symbol) [0x0x7ff6d15e590f]
	(No symbol) [0x0x7ff6d15f453e]
	(No symbol) [0x0x7ff6d160a4f1]
	(No symbol) [0x0x7ff6d161165a]
	(No symbol) [0x0x7ff6d15e60ad]
	(No symbol) [0x0x7ff6d1609ce1]
	(No symbol) [0x0x7ff6d16a09e1]
	(No symbol) [0x0x7ff6d16786a3]
	(No symbol) [0x0x7ff6d1641791]
	(No symbol) [0x0x7ff6d1642523]
	GetHandleVerifier [0x0x7ff6d1b1683d+3059501]
	GetHandleVerifier [0x0x7ff6d1b10bfd+3035885]
	GetHandleVerifier [0x0x7ff6d1b303f0+3164896]
	GetHandleVerifier [0x0x7ff6d1858c2e+185118]
	GetHandleVerifier [0x0x7ff6d186053f+216111]
	GetHandleVerifier [0x0x7ff6d18472d4+113092]
	GetHandleVerifier [0x0x7ff6d1847489+113529]
	GetHandleVerifier [0x0x7ff6d182e288+10616]
	BaseThreadInitThunk [0x0x7fffc00d259d+29]
	RtlUserThreadStart [0x0x7fffc224af78+40]

2025-07-17 22:25:26,366 - ERROR - Error extracting product data: Message: tab crashed
  (Session info: chrome=138.0.7204.158)
Stacktrace:
	GetHandleVerifier [0x0x7ff6d183e925+77845]
	GetHandleVerifier [0x0x7ff6d183e980+77936]
	(No symbol) [0x0x7ff6d15f9b0c]
	(No symbol) [0x0x7ff6d15e727b]
	(No symbol) [0x0x7ff6d15e4eab]
	(No symbol) [0x0x7ff6d15e590f]
	(No symbol) [0x0x7ff6d15f453e]
	(No symbol) [0x0x7ff6d160a4f1]
	(No symbol) [0x0x7ff6d161165a]
	(No symbol) [0x0x7ff6d15e60ad]
	(No symbol) [0x0x7ff6d1609ce1]
	(No symbol) [0x0x7ff6d16a09e1]
	(No symbol) [0x0x7ff6d16786a3]
	(No symbol) [0x0x7ff6d1641791]
	(No symbol) [0x0x7ff6d1642523]
	GetHandleVerifier [0x0x7ff6d1b1683d+3059501]
	GetHandleVerifier [0x0x7ff6d1b10bfd+3035885]
	GetHandleVerifier [0x0x7ff6d1b303f0+3164896]
	GetHandleVerifier [0x0x7ff6d1858c2e+185118]
	GetHandleVerifier [0x0x7ff6d186053f+216111]
	GetHandleVerifier [0x0x7ff6d18472d4+113092]
	GetHandleVerifier [0x0x7ff6d1847489+113529]
	GetHandleVerifier [0x0x7ff6d182e288+10616]
	BaseThreadInitThunk [0x0x7fffc00d259d+29]
	RtlUserThreadStart [0x0x7fffc224af78+40]

2025-07-17 22:25:27,163 - ERROR - Error extracting product data: Message: tab crashed
  (Session info: chrome=138.0.7204.158)
Stacktrace:
	GetHandleVerifier [0x0x7ff6d183e925+77845]
	GetHandleVerifier [0x0x7ff6d183e980+77936]
	(No symbol) [0x0x7ff6d15f9b0c]
	(No symbol) [0x0x7ff6d15e727b]
	(No symbol) [0x0x7ff6d15e4eab]
	(No symbol) [0x0x7ff6d15e590f]
	(No symbol) [0x0x7ff6d15f453e]
	(No symbol) [0x0x7ff6d160a4f1]
	(No symbol) [0x0x7ff6d161165a]
	(No symbol) [0x0x7ff6d15e60ad]
	(No symbol) [0x0x7ff6d1609ce1]
	(No symbol) [0x0x7ff6d16a09e1]
	(No symbol) [0x0x7ff6d16786a3]
	(No symbol) [0x0x7ff6d1641791]
	(No symbol) [0x0x7ff6d1642523]
	GetHandleVerifier [0x0x7ff6d1b1683d+3059501]
	GetHandleVerifier [0x0x7ff6d1b10bfd+3035885]
	GetHandleVerifier [0x0x7ff6d1b303f0+3164896]
	GetHandleVerifier [0x0x7ff6d1858c2e+185118]
	GetHandleVerifier [0x0x7ff6d186053f+216111]
	GetHandleVerifier [0x0x7ff6d18472d4+113092]
	GetHandleVerifier [0x0x7ff6d1847489+113529]
	GetHandleVerifier [0x0x7ff6d182e288+10616]
	BaseThreadInitThunk [0x0x7fffc00d259d+29]
	RtlUserThreadStart [0x0x7fffc224af78+40]

2025-07-17 22:25:28,254 - ERROR - Error extracting product data: Message: tab crashed
  (Session info: chrome=138.0.7204.158)
Stacktrace:
	GetHandleVerifier [0x0x7ff6d183e925+77845]
	GetHandleVerifier [0x0x7ff6d183e980+77936]
	(No symbol) [0x0x7ff6d15f9b0c]
	(No symbol) [0x0x7ff6d15e727b]
	(No symbol) [0x0x7ff6d15e4eab]
	(No symbol) [0x0x7ff6d15e590f]
	(No symbol) [0x0x7ff6d15f453e]
	(No symbol) [0x0x7ff6d160a4f1]
	(No symbol) [0x0x7ff6d161165a]
	(No symbol) [0x0x7ff6d15e60ad]
	(No symbol) [0x0x7ff6d1609ce1]
	(No symbol) [0x0x7ff6d16a09e1]
	(No symbol) [0x0x7ff6d16786a3]
	(No symbol) [0x0x7ff6d1641791]
	(No symbol) [0x0x7ff6d1642523]
	GetHandleVerifier [0x0x7ff6d1b1683d+3059501]
	GetHandleVerifier [0x0x7ff6d1b10bfd+3035885]
	GetHandleVerifier [0x0x7ff6d1b303f0+3164896]
	GetHandleVerifier [0x0x7ff6d1858c2e+185118]
	GetHandleVerifier [0x0x7ff6d186053f+216111]
	GetHandleVerifier [0x0x7ff6d18472d4+113092]
	GetHandleVerifier [0x0x7ff6d1847489+113529]
	GetHandleVerifier [0x0x7ff6d182e288+10616]
	BaseThreadInitThunk [0x0x7fffc00d259d+29]
	RtlUserThreadStart [0x0x7fffc224af78+40]

2025-07-17 22:25:29,455 - ERROR - Error extracting product data: Message: tab crashed
  (Session info: chrome=138.0.7204.158)
Stacktrace:
	GetHandleVerifier [0x0x7ff6d183e925+77845]
	GetHandleVerifier [0x0x7ff6d183e980+77936]
	(No symbol) [0x0x7ff6d15f9b0c]
	(No symbol) [0x0x7ff6d15e727b]
	(No symbol) [0x0x7ff6d15e4eab]
	(No symbol) [0x0x7ff6d15e590f]
	(No symbol) [0x0x7ff6d15f453e]
	(No symbol) [0x0x7ff6d160a4f1]
	(No symbol) [0x0x7ff6d161165a]
	(No symbol) [0x0x7ff6d15e60ad]
	(No symbol) [0x0x7ff6d1609ce1]
	(No symbol) [0x0x7ff6d16a09e1]
	(No symbol) [0x0x7ff6d16786a3]
	(No symbol) [0x0x7ff6d1641791]
	(No symbol) [0x0x7ff6d1642523]
	GetHandleVerifier [0x0x7ff6d1b1683d+3059501]
	GetHandleVerifier [0x0x7ff6d1b10bfd+3035885]
	GetHandleVerifier [0x0x7ff6d1b303f0+3164896]
	GetHandleVerifier [0x0x7ff6d1858c2e+185118]
	GetHandleVerifier [0x0x7ff6d186053f+216111]
	GetHandleVerifier [0x0x7ff6d18472d4+113092]
	GetHandleVerifier [0x0x7ff6d1847489+113529]
	GetHandleVerifier [0x0x7ff6d182e288+10616]
	BaseThreadInitThunk [0x0x7fffc00d259d+29]
	RtlUserThreadStart [0x0x7fffc224af78+40]

2025-07-17 22:25:30,028 - ERROR - Error extracting product data: Message: tab crashed
  (Session info: chrome=138.0.7204.158)
Stacktrace:
	GetHandleVerifier [0x0x7ff6d183e925+77845]
	GetHandleVerifier [0x0x7ff6d183e980+77936]
	(No symbol) [0x0x7ff6d15f9b0c]
	(No symbol) [0x0x7ff6d15e727b]
	(No symbol) [0x0x7ff6d15e4eab]
	(No symbol) [0x0x7ff6d15e590f]
	(No symbol) [0x0x7ff6d15f453e]
	(No symbol) [0x0x7ff6d160a4f1]
	(No symbol) [0x0x7ff6d161165a]
	(No symbol) [0x0x7ff6d15e60ad]
	(No symbol) [0x0x7ff6d1609ce1]
	(No symbol) [0x0x7ff6d16a09e1]
	(No symbol) [0x0x7ff6d16786a3]
	(No symbol) [0x0x7ff6d1641791]
	(No symbol) [0x0x7ff6d1642523]
	GetHandleVerifier [0x0x7ff6d1b1683d+3059501]
	GetHandleVerifier [0x0x7ff6d1b10bfd+3035885]
	GetHandleVerifier [0x0x7ff6d1b303f0+3164896]
	GetHandleVerifier [0x0x7ff6d1858c2e+185118]
	GetHandleVerifier [0x0x7ff6d186053f+216111]
	GetHandleVerifier [0x0x7ff6d18472d4+113092]
	GetHandleVerifier [0x0x7ff6d1847489+113529]
	GetHandleVerifier [0x0x7ff6d182e288+10616]
	BaseThreadInitThunk [0x0x7fffc00d259d+29]
	RtlUserThreadStart [0x0x7fffc224af78+40]

2025-07-17 22:25:31,033 - ERROR - Error extracting product data: Message: tab crashed
  (Session info: chrome=138.0.7204.158)
Stacktrace:
	GetHandleVerifier [0x0x7ff6d183e925+77845]
	GetHandleVerifier [0x0x7ff6d183e980+77936]
	(No symbol) [0x0x7ff6d15f9b0c]
	(No symbol) [0x0x7ff6d15e727b]
	(No symbol) [0x0x7ff6d15e4eab]
	(No symbol) [0x0x7ff6d15e590f]
	(No symbol) [0x0x7ff6d15f453e]
	(No symbol) [0x0x7ff6d160a4f1]
	(No symbol) [0x0x7ff6d161165a]
	(No symbol) [0x0x7ff6d15e60ad]
	(No symbol) [0x0x7ff6d1609ce1]
	(No symbol) [0x0x7ff6d16a09e1]
	(No symbol) [0x0x7ff6d16786a3]
	(No symbol) [0x0x7ff6d1641791]
	(No symbol) [0x0x7ff6d1642523]
	GetHandleVerifier [0x0x7ff6d1b1683d+3059501]
	GetHandleVerifier [0x0x7ff6d1b10bfd+3035885]
	GetHandleVerifier [0x0x7ff6d1b303f0+3164896]
	GetHandleVerifier [0x0x7ff6d1858c2e+185118]
	GetHandleVerifier [0x0x7ff6d186053f+216111]
	GetHandleVerifier [0x0x7ff6d18472d4+113092]
	GetHandleVerifier [0x0x7ff6d1847489+113529]
	GetHandleVerifier [0x0x7ff6d182e288+10616]
	BaseThreadInitThunk [0x0x7fffc00d259d+29]
	RtlUserThreadStart [0x0x7fffc224af78+40]

2025-07-17 22:25:31,629 - ERROR - Error extracting product data: Message: tab crashed
  (Session info: chrome=138.0.7204.158)
Stacktrace:
	GetHandleVerifier [0x0x7ff6d183e925+77845]
	GetHandleVerifier [0x0x7ff6d183e980+77936]
	(No symbol) [0x0x7ff6d15f9b0c]
	(No symbol) [0x0x7ff6d15e727b]
	(No symbol) [0x0x7ff6d15e4eab]
	(No symbol) [0x0x7ff6d15e590f]
	(No symbol) [0x0x7ff6d15f453e]
	(No symbol) [0x0x7ff6d160a4f1]
	(No symbol) [0x0x7ff6d161165a]
	(No symbol) [0x0x7ff6d15e60ad]
	(No symbol) [0x0x7ff6d1609ce1]
	(No symbol) [0x0x7ff6d16a09e1]
	(No symbol) [0x0x7ff6d16786a3]
	(No symbol) [0x0x7ff6d1641791]
	(No symbol) [0x0x7ff6d1642523]
	GetHandleVerifier [0x0x7ff6d1b1683d+3059501]
	GetHandleVerifier [0x0x7ff6d1b10bfd+3035885]
	GetHandleVerifier [0x0x7ff6d1b303f0+3164896]
	GetHandleVerifier [0x0x7ff6d1858c2e+185118]
	GetHandleVerifier [0x0x7ff6d186053f+216111]
	GetHandleVerifier [0x0x7ff6d18472d4+113092]
	GetHandleVerifier [0x0x7ff6d1847489+113529]
	GetHandleVerifier [0x0x7ff6d182e288+10616]
	BaseThreadInitThunk [0x0x7fffc00d259d+29]
	RtlUserThreadStart [0x0x7fffc224af78+40]

2025-07-17 22:25:34,863 - INFO - Starting Amazon rice product scraping...
2025-07-17 22:25:39,708 - INFO - Scraping page 1 - Products collected: 0
2025-07-17 22:25:42,622 - INFO - Extracted: Jasmine Long Grain Rice, 2 Lb (Previously Amazon F...
2025-07-17 22:25:43,279 - INFO - Extracted: Long Grain White Rice 4-Gallon Pail, Emergency Foo...
2025-07-17 22:25:44,371 - INFO - Extracted: Calrose Rice, Nomura Yellow, 15-Pound...
2025-07-17 22:25:45,579 - INFO - Extracted: Spanish Style Yellow Rice, 3.4 lbs....
2025-07-17 22:25:46,704 - INFO - Extracted: Rice Sushi, 5 Lb...
2025-07-17 22:25:47,750 - INFO - Extracted: Royal Blend, Blend Of Texmati White, Brown, Red, A...
2025-07-17 22:25:48,538 - INFO - Extracted: Organic White Jasmine Rice, 30 OZ...
2025-07-17 22:25:49,973 - INFO - Extracted: Premium Long Grain Aromatic Jasmine White Rice - S...
2025-07-17 22:25:51,257 - INFO - Extracted: Cooked Brown Rice, 7.4-Ounces (Pack of 6)...
2025-07-17 22:25:51,888 - INFO - Extracted: RICE WHT SPANSH STYLE ENT 5.5 OZ...
2025-07-17 22:25:53,243 - INFO - Extracted: Organic White Jasmine Rice, 8 Ounce...
2025-07-17 22:25:53,893 - INFO - Extracted: Authentic Red Beans & Rice, Low Fat, 8oz (Red Bean...
2025-07-17 22:25:54,816 - INFO - Extracted: Rice Org W/Cocnut Rte 7.05 OZ...
2025-07-17 22:25:55,780 - INFO - Extracted: Spanish Rice Pilaf, 6.75 Oz...
2025-07-17 22:25:57,339 - INFO - Extracted: Everything But The Fried Rice Seasoning | All Natu...
2025-07-17 22:25:58,660 - INFO - Extracted: Rice Dispenser 25 Lbs(11.3kg), Rice Storage Contai...
2025-07-17 22:25:59,445 - INFO - Extracted: Red Yeast Rice 1200mg with CoQ10 Supplement & Flus...
2025-07-17 22:26:00,543 - INFO - Extracted: Red Yeast Rice 2,400mg with CoQ10, 240 Veggie Caps...
2025-07-17 22:26:01,468 - INFO - Extracted: Rice Jam Mask 12.3oz – Korean Icheon Rice Face & B...
2025-07-17 22:26:02,552 - INFO - Extracted: Housewares 4-Cups (Cooked) / 1Qt. Rice & Grain Coo...
2025-07-17 22:26:04,026 - INFO - Extracted: Nadeshiko Rice Mask (10 pieces) - Imported from Ja...
2025-07-17 22:26:05,019 - INFO - Extracted: White Peach & Crushed Rice Body Scrub Exfoliates a...
2025-07-17 22:26:06,200 - INFO - Extracted: Duo Plus 9-in-1 Multicooker, Pressure Cooker, Slow...
2025-07-17 22:26:07,711 - INFO - Extracted: Korean Rice Mochi Face Cleanser - Face Mask, Foami...
2025-07-17 22:26:08,513 - INFO - Extracted: 22-25 Lbs Rice Dispenser, Large Cereal Dry Food St...
2025-07-17 22:26:09,497 - INFO - Extracted: Rice: Discover Delicious Rice Recipes to Re-Imagin...
2025-07-17 22:26:10,384 - INFO - Extracted: Housewares Aroma 6-cup (cooked) 1.5 Qt. One Touch ...
2025-07-17 22:26:11,269 - INFO - Extracted: 101 Things To Do With Rice...
2025-07-17 22:26:12,759 - INFO - Extracted: Rice Washer Strainer Bowl - 4-in-1 Washing Bowl fo...
2025-07-17 22:26:13,490 - INFO - Extracted: ERC003B Electric Rice Cooker with Automatic Keep W...
2025-07-17 22:26:14,931 - INFO - Extracted: RICE ENZYME BRIGHTENING CLEANSING POWDER, Rice Mas...
2025-07-17 22:26:16,301 - INFO - Extracted: Premium Sushi Rice, 10lbs...
2025-07-17 22:26:17,018 - INFO - Extracted: Rice Cooker 10 Cup, 24h Keep Warm, 18 Functions Fu...
2025-07-17 22:26:18,088 - INFO - Extracted: Easy Rice Cookbook...
2025-07-17 22:26:19,471 - INFO - Extracted: Rice Cookbook: An Easy Rice Cookbook with 50 Delic...
2025-07-17 22:26:20,808 - INFO - Extracted: Zojirushi Rice cooker Cookbook: 210+ Perfect Rice ...
2025-07-17 22:26:21,628 - INFO - Extracted: Rice Recipes: Enjoy All Types of Rice with Delicio...
2025-07-17 22:26:22,598 - INFO - Extracted: Rice and Grains: A Rice Cookbook with Delicious Ri...
2025-07-17 22:26:23,273 - INFO - Extracted: Rice Water Shampoo Bar - Dry Hair Shampoo & Soap B...
2025-07-17 22:26:24,705 - INFO - Extracted: Low Carb Sugar Rice Cooker 2 Cups Uncooked and 4 C...
2025-07-17 22:26:25,455 - INFO - Extracted: The Simple Art of Rice: Recipes from Around the Wo...
2025-07-17 22:26:26,656 - INFO - Extracted: Compact Rice Cooker, 6-in-1 Stainless Steel Multi ...
2025-07-17 22:26:28,035 - INFO - Extracted: 16-Cup Rice Cooker, 8-Cup Uncooked Rice, Steaming ...
2025-07-17 22:26:28,990 - INFO - Extracted: Ultimate Nourishing Rice Overnight Spa Mask, 60ml ...
2025-07-17 22:26:30,542 - INFO - Extracted: 2Pack Rice Exfoliating Ampoule Set – Black & White...
2025-07-17 22:26:31,774 - INFO - Extracted: Ultimate Potato & Rice Cookbook: Main Dishes, Cass...
2025-07-17 22:26:32,600 - INFO - Extracted: Rice Craft: Yummy! Healthy! Fun to Make!...
2025-07-17 22:26:33,909 - INFO - Extracted: Easy Brown Rice Cookbook: 50 Unique and Easy Brown...
2025-07-17 22:26:39,248 - INFO - Scraping page 2 - Products collected: 48
2025-07-17 22:26:41,733 - INFO - Extracted: The Meat & Rice Cookbook: Hearty Asian Meat and Ri...
2025-07-17 22:26:42,492 - INFO - Extracted: Everyday Rice Cookbook: 200 Recipes for Main Dishe...
2025-07-17 22:26:47,167 - INFO - Scraping completed. Total products collected: 50
2025-07-17 22:26:49,522 - INFO - Data saved to amazon_rice_products.csv
2025-07-17 22:26:49,526 - INFO - Data saved to amazon_rice_products.json
2025-07-17 22:26:49,539 - INFO - Using fallback method to simulate BigBasket API...
2025-07-17 22:26:49,541 - INFO - Generated: Aashirvaad Sona Masuri Rice
2025-07-17 22:26:49,642 - INFO - Generated: Lal Qilla Sona Masuri Rice
2025-07-17 22:26:49,742 - INFO - Generated: India Gate Ponni Rice
2025-07-17 22:26:49,844 - INFO - Generated: Fortune Sona Masuri Rice
2025-07-17 22:26:49,945 - INFO - Generated: Tilda Sona Masuri Rice
2025-07-17 22:26:50,046 - INFO - Generated: Lal Qilla Basmati Rice
2025-07-17 22:26:50,147 - INFO - Generated: Aashirvaad Basmati Rice
2025-07-17 22:26:50,248 - INFO - Generated: Aashirvaad Sona Masuri Rice
2025-07-17 22:26:50,349 - INFO - Generated: Tilda Basmati Rice
2025-07-17 22:26:50,450 - INFO - Generated: Daawat Basmati Rice
2025-07-17 22:26:50,550 - INFO - Generated: Tilda Jasmine Rice
2025-07-17 22:26:50,651 - INFO - Generated: Aashirvaad Brown Rice
2025-07-17 22:26:50,753 - INFO - Generated: Aashirvaad Sona Masuri Rice
2025-07-17 22:26:50,854 - INFO - Generated: Lal Qilla Basmati Rice
2025-07-17 22:26:50,954 - INFO - Generated: Fortune Ponni Rice
2025-07-17 22:26:51,055 - INFO - Generated: India Gate Brown Rice
2025-07-17 22:26:51,156 - INFO - Generated: Kohinoor Basmati Rice
2025-07-17 22:26:51,257 - INFO - Generated: Daawat White Rice
2025-07-17 22:26:51,359 - INFO - Generated: Lal Qilla Brown Rice
2025-07-17 22:26:51,460 - INFO - Generated: Aashirvaad Basmati Rice
2025-07-17 22:26:51,561 - INFO - Generated: Aashirvaad Brown Rice
2025-07-17 22:26:51,662 - INFO - Generated: India Gate Brown Rice
2025-07-17 22:26:51,763 - INFO - Generated: Aashirvaad Basmati Rice
2025-07-17 22:26:51,865 - INFO - Generated: Lal Qilla Jasmine Rice
2025-07-17 22:26:51,966 - INFO - Generated: Daawat Jasmine Rice
2025-07-17 22:26:52,068 - INFO - Generated: Lal Qilla Sona Masuri Rice
2025-07-17 22:26:52,169 - INFO - Generated: Daawat Basmati Rice
2025-07-17 22:26:52,270 - INFO - Generated: India Gate Jasmine Rice
2025-07-17 22:26:52,371 - INFO - Generated: Lal Qilla Basmati Rice
2025-07-17 22:26:52,474 - INFO - Generated: Daawat Ponni Rice
2025-07-17 22:26:52,576 - INFO - Generated: India Gate Jasmine Rice
2025-07-17 22:26:52,677 - INFO - Generated: India Gate Sona Masuri Rice
2025-07-17 22:26:52,779 - INFO - Generated: India Gate White Rice
2025-07-17 22:26:52,880 - INFO - Generated: Aashirvaad Brown Rice
2025-07-17 22:26:52,980 - INFO - Generated: Kohinoor White Rice
2025-07-17 22:26:53,081 - INFO - Generated: Fortune Jasmine Rice
2025-07-17 22:26:53,182 - INFO - Generated: Aashirvaad White Rice
2025-07-17 22:26:53,283 - INFO - Generated: Lal Qilla Basmati Rice
2025-07-17 22:26:53,385 - INFO - Generated: Kohinoor Jasmine Rice
2025-07-17 22:26:53,486 - INFO - Generated: Tilda Jasmine Rice
2025-07-17 22:26:53,587 - INFO - Generated: Lal Qilla Ponni Rice
2025-07-17 22:26:53,688 - INFO - Generated: Daawat Ponni Rice
2025-07-17 22:26:53,789 - INFO - Generated: Aashirvaad Brown Rice
2025-07-17 22:26:53,891 - INFO - Generated: Tilda Basmati Rice
2025-07-17 22:26:53,993 - INFO - Generated: Daawat Jasmine Rice
2025-07-17 22:26:54,095 - INFO - Data saved to bigbasket_rice_products.csv
2025-07-17 22:26:54,097 - INFO - Data saved to bigbasket_rice_products.json
2025-07-17 22:32:12,397 - INFO - Starting Amazon rice product scraping...
2025-07-17 22:32:17,610 - INFO - Scraping page 1 - Products collected: 0
2025-07-17 22:32:21,299 - INFO - Extracted: Amazon Brand - Happy Belly Brown Rice, 5 lb (Pack ...
2025-07-17 22:32:22,354 - INFO - Extracted: Jasmine Long Grain Rice, 2 Lb (Previously Amazon F...
2025-07-17 22:32:23,415 - INFO - Extracted: Long Grain White Rice 4-Gallon Pail, Emergency Foo...
2025-07-17 22:32:24,929 - INFO - Extracted: Calrose Rice, Nomura Yellow, 15-Pound...
2025-07-17 22:32:25,998 - INFO - Extracted: Spanish Style Yellow Rice, 3.4 lbs....
2025-07-17 22:32:27,224 - INFO - Extracted: Rice Sushi, 5 Lb...
2025-07-17 22:32:28,212 - INFO - Extracted: Royal Blend, Blend Of Texmati White, Brown, Red, A...
2025-07-17 22:32:29,274 - INFO - Extracted: Premium Long Grain Aromatic Jasmine White Rice - S...
2025-07-17 22:32:30,470 - INFO - Extracted: Cooked Brown Rice, 7.4-Ounces (Pack of 6)...
2025-07-17 22:32:32,040 - INFO - Extracted: Organic White Jasmine Rice, 30 OZ...
2025-07-17 22:32:33,284 - INFO - Extracted: RICE WHT SPANSH STYLE ENT 5.5 OZ...
2025-07-17 22:32:34,824 - INFO - Extracted: Authentic Red Beans & Rice, Low Fat, 8oz (Red Bean...
2025-07-17 22:32:35,708 - INFO - Extracted: Organic White Jasmine Rice, 8 Ounce...
2025-07-17 22:32:37,227 - INFO - Extracted: Rice Org W/Cocnut Rte 7.05 OZ...
2025-07-17 22:32:38,330 - INFO - Extracted: 22-25 Lbs Rice Dispenser, Large Cereal Dry Food St...
2025-07-17 22:32:39,190 - INFO - Extracted: Everything But The Fried Rice Seasoning | All Natu...
2025-07-17 22:32:39,904 - INFO - Extracted: Diva Select bag, ShortGrain SpanishStyle Rice, Fir...
2025-07-17 22:32:40,824 - INFO - Extracted: Spanish Rice Pilaf, 6.75 Oz...
2025-07-17 22:32:42,202 - INFO - Extracted: Red Yeast Rice 1200mg with CoQ10 Supplement & Flus...
2025-07-17 22:32:43,027 - INFO - Extracted: Red Yeast Rice 2,400mg with CoQ10, 240 Veggie Caps...
2025-07-17 22:32:44,304 - INFO - Extracted: Anne Rice's Interview with the Vampire (TV Series)...
2025-07-17 22:32:45,341 - INFO - Extracted: Rice Dispenser 25 Lbs(11.3kg), Rice Storage Contai...
2025-07-17 22:32:46,513 - INFO - Extracted: Rice Jam Mask 12.3oz – Korean Icheon Rice Face & B...
2025-07-17 22:32:47,114 - INFO - Extracted: Rice Dispenser 25 Lbs(11.3kg), Rice Storage Contai...
2025-07-17 22:32:47,959 - INFO - Extracted: Duo Plus 9-in-1 Multicooker, Pressure Cooker, Slow...
2025-07-17 22:32:49,468 - INFO - Extracted: Housewares 4-Cups (Cooked) / 1Qt. Rice & Grain Coo...
2025-07-17 22:32:50,456 - INFO - Extracted: 101 Things To Do With Rice...
2025-07-17 22:32:51,624 - INFO - Extracted: Rice...
2025-07-17 22:32:52,445 - INFO - Extracted: Rice Cooker 10 Cup, 24h Keep Warm, 18 Functions Fu...
2025-07-17 22:32:53,093 - INFO - Extracted: Rice Water Hair Growth Shampoo - Biotin Thickening...
2025-07-17 22:32:54,445 - INFO - Extracted: Rice is Life (TV Series)...
2025-07-17 22:32:55,131 - INFO - Extracted: Rice: Discover Delicious Rice Recipes to Re-Imagin...
2025-07-17 22:32:56,546 - INFO - Extracted: Free White Rice (TV Series)...
2025-07-17 22:32:57,251 - INFO - Extracted: Rice Cookbook: An Easy Rice Cookbook with 50 Delic...
2025-07-17 22:32:57,894 - INFO - Extracted: Premium Sushi Rice, 10lbs...
2025-07-17 22:32:59,312 - INFO - Extracted: Housewares Aroma 6-cup (cooked) 1.5 Qt. One Touch ...
2025-07-17 22:33:00,231 - INFO - Extracted: Korean Rice Mochi Face Cleanser - Face Mask, Foami...
2025-07-17 22:33:01,609 - INFO - Extracted: The Simple Art of Rice: Recipes from Around the Wo...
2025-07-17 22:33:02,426 - INFO - Extracted: Nadeshiko Rice Mask (10 pieces) - Imported from Ja...
2025-07-17 22:33:03,255 - INFO - Extracted: Easy Rice Cookbook...
2025-07-17 22:33:04,654 - INFO - Extracted: Rice Recipes: Enjoy All Types of Rice with Delicio...
2025-07-17 22:33:05,651 - INFO - Extracted: Zojirushi Rice cooker Cookbook: 210+ Perfect Rice ...
2025-07-17 22:33:07,013 - INFO - Extracted: Rice Water Hair Growth Shampoo & Conditioner: Biot...
2025-07-17 22:33:08,036 - INFO - Extracted: Anne Rice's Mayfair Witches (TV Series)...
2025-07-17 22:33:08,834 - INFO - Extracted: White Peach & Crushed Rice Body Scrub Exfoliates a...
2025-07-17 22:33:10,333 - INFO - Extracted: Everyday Rice Cookbook: 200 Recipes for Main Dishe...
2025-07-17 22:33:11,009 - INFO - Extracted: RICE ENZYME BRIGHTENING CLEANSING POWDER, Rice Mas...
2025-07-17 22:33:12,295 - INFO - Extracted: Rice Water Shampoo Bar - Dry Hair Shampoo & Soap B...
2025-07-17 22:33:13,396 - INFO - Extracted: Rice Craft: Yummy! Healthy! Fun to Make!...
2025-07-17 22:33:14,251 - INFO - Extracted: Rice: The Grain that Sustains...
2025-07-17 22:33:18,942 - INFO - Scraping completed. Total products collected: 50
2025-07-17 22:33:21,236 - INFO - Data saved to amazon_rice_products.csv
2025-07-17 22:33:21,241 - INFO - Data saved to amazon_rice_products.json
2025-07-17 22:33:21,242 - INFO - Using fallback method to simulate BigBasket API...
2025-07-17 22:33:21,242 - INFO - Generated: India Gate Basmati Rice - Classic
2025-07-17 22:33:21,242 - INFO - Generated: Kohinoor Super Basmati Rice
2025-07-17 22:33:21,243 - INFO - Generated: Tilda Pure Basmati Rice
2025-07-17 22:33:21,243 - INFO - Generated: Daawat Rozana Gold Basmati Rice
2025-07-17 22:33:21,243 - INFO - Generated: Aashirvaad Select Sharbati Rice
2025-07-17 22:33:21,243 - INFO - Generated: India Gate Brown Rice
2025-07-17 22:33:21,344 - INFO - Generated: Daawat Ponni Rice
2025-07-17 22:33:21,445 - INFO - Generated: Tilda Brown Rice
2025-07-17 22:33:21,547 - INFO - Generated: India Gate Sona Masuri Rice
2025-07-17 22:33:21,648 - INFO - Generated: Lal Qilla Ponni Rice
2025-07-17 22:33:21,749 - INFO - Generated: Fortune Brown Rice
2025-07-17 22:33:21,851 - INFO - Generated: Aashirvaad Ponni Rice
2025-07-17 22:33:21,952 - INFO - Generated: Daawat Jasmine Rice
2025-07-17 22:33:22,053 - INFO - Generated: Aashirvaad Basmati Rice
2025-07-17 22:33:22,155 - INFO - Generated: Lal Qilla Brown Rice
2025-07-17 22:33:22,256 - INFO - Generated: Daawat Brown Rice
2025-07-17 22:33:22,358 - INFO - Generated: Lal Qilla Sona Masuri Rice
2025-07-17 22:33:22,459 - INFO - Generated: Aashirvaad Basmati Rice
2025-07-17 22:33:22,561 - INFO - Generated: Fortune White Rice
2025-07-17 22:33:22,662 - INFO - Generated: Tilda Ponni Rice
2025-07-17 22:33:22,763 - INFO - Generated: Daawat Jasmine Rice
2025-07-17 22:33:22,865 - INFO - Generated: Kohinoor Brown Rice
2025-07-17 22:33:22,966 - INFO - Generated: Daawat Jasmine Rice
2025-07-17 22:33:23,066 - INFO - Generated: Tilda Jasmine Rice
2025-07-17 22:33:23,167 - INFO - Generated: Tilda Jasmine Rice
2025-07-17 22:33:23,269 - INFO - Generated: Fortune Jasmine Rice
2025-07-17 22:33:23,369 - INFO - Generated: Kohinoor Brown Rice
2025-07-17 22:33:23,471 - INFO - Generated: Daawat White Rice
2025-07-17 22:33:23,571 - INFO - Generated: India Gate Jasmine Rice
2025-07-17 22:33:23,673 - INFO - Generated: Fortune Brown Rice
2025-07-17 22:33:23,774 - INFO - Generated: India Gate Sona Masuri Rice
2025-07-17 22:33:23,875 - INFO - Generated: Lal Qilla Jasmine Rice
2025-07-17 22:33:23,976 - INFO - Generated: Lal Qilla Basmati Rice
2025-07-17 22:33:24,077 - INFO - Generated: Aashirvaad Sona Masuri Rice
2025-07-17 22:33:24,178 - INFO - Generated: Tilda Basmati Rice
2025-07-17 22:33:24,279 - INFO - Generated: Daawat Brown Rice
2025-07-17 22:33:24,380 - INFO - Generated: Lal Qilla Basmati Rice
2025-07-17 22:33:24,481 - INFO - Generated: Tilda Ponni Rice
2025-07-17 22:33:24,583 - INFO - Generated: Fortune Sona Masuri Rice
2025-07-17 22:33:24,683 - INFO - Generated: Daawat Basmati Rice
2025-07-17 22:33:24,784 - INFO - Generated: Daawat Sona Masuri Rice
2025-07-17 22:33:24,885 - INFO - Generated: Aashirvaad Jasmine Rice
2025-07-17 22:33:24,985 - INFO - Generated: Aashirvaad Sona Masuri Rice
2025-07-17 22:33:25,087 - INFO - Generated: Kohinoor Sona Masuri Rice
2025-07-17 22:33:25,187 - INFO - Generated: Daawat Ponni Rice
2025-07-17 22:33:25,288 - INFO - Generated: Daawat Jasmine Rice
2025-07-17 22:33:25,389 - INFO - Generated: Kohinoor Ponni Rice
2025-07-17 22:33:25,490 - INFO - Generated: Aashirvaad Basmati Rice
2025-07-17 22:33:25,590 - INFO - Generated: Aashirvaad Basmati Rice
2025-07-17 22:33:25,691 - INFO - Generated: Daawat Jasmine Rice
2025-07-17 22:33:25,793 - INFO - Data saved to bigbasket_rice_products.csv
2025-07-17 22:33:25,816 - INFO - Data saved to bigbasket_rice_products.json
2025-07-17 22:36:49,889 - INFO - Starting Amazon rice product scraping...
2025-07-17 22:36:57,176 - INFO - Scraping page 1 - Products collected: 0
2025-07-17 22:37:00,721 - INFO - Extracted: Amazon Brand - Happy Belly Brown Rice, 5 lb (Pack ...
2025-07-17 22:37:01,976 - INFO - Extracted: Jasmine Long Grain Rice, 2 Lb (Previously Amazon F...
2025-07-17 22:37:03,284 - INFO - Extracted: Long Grain White Rice 4-Gallon Pail, Emergency Foo...
2025-07-17 22:37:04,118 - INFO - Extracted: Calrose Rice, Nomura Yellow, 15-Pound...
2025-07-17 22:37:05,331 - INFO - Extracted: Spanish Style Yellow Rice, 3.4 lbs....
2025-07-17 22:37:06,194 - INFO - Extracted: Rice Sushi, 5 Lb...
2025-07-17 22:37:07,611 - INFO - Extracted: Royal Blend, Blend Of Texmati White, Brown, Red, A...
2025-07-17 22:37:08,340 - INFO - Extracted: Premium Long Grain Aromatic Jasmine White Rice - S...
2025-07-17 22:37:09,120 - INFO - Extracted: Cooked Brown Rice, 7.4-Ounces (Pack of 6)...
2025-07-17 22:37:10,445 - INFO - Extracted: Organic White Jasmine Rice, 30 OZ...
2025-07-17 22:37:11,326 - INFO - Extracted: RICE WHT SPANSH STYLE ENT 5.5 OZ...
2025-07-17 22:37:12,874 - INFO - Extracted: Authentic Red Beans & Rice, Low Fat, 8oz (Red Bean...
2025-07-17 22:37:13,558 - INFO - Extracted: Organic White Jasmine Rice, 8 Ounce...
2025-07-17 22:37:14,697 - INFO - Extracted: Rice Org W/Cocnut Rte 7.05 OZ...
2025-07-17 22:37:15,693 - INFO - Extracted: 22-25 Lbs Rice Dispenser, Large Cereal Dry Food St...
2025-07-17 22:37:16,534 - INFO - Extracted: Everything But The Fried Rice Seasoning | All Natu...
2025-07-17 22:37:17,601 - INFO - Extracted: Diva Select bag, ShortGrain SpanishStyle Rice, Fir...
2025-07-17 22:37:18,546 - INFO - Extracted: Spanish Rice Pilaf, 6.75 Oz...
2025-07-17 22:37:19,716 - INFO - Extracted: Red Yeast Rice 1200mg with CoQ10 Supplement & Flus...
2025-07-17 22:37:20,856 - INFO - Extracted: Red Yeast Rice 2,400mg with CoQ10, 240 Veggie Caps...
2025-07-17 22:37:21,766 - INFO - Extracted: Anne Rice's Interview with the Vampire (TV Series)...
2025-07-17 22:37:22,439 - INFO - Extracted: Rice Dispenser 25 Lbs(11.3kg), Rice Storage Contai...
2025-07-17 22:37:23,875 - INFO - Extracted: Rice Jam Mask 12.3oz – Korean Icheon Rice Face & B...
2025-07-17 22:37:25,079 - INFO - Extracted: Rice Dispenser 25 Lbs(11.3kg), Rice Storage Contai...
2025-07-17 22:37:26,295 - INFO - Extracted: Duo Plus 9-in-1 Multicooker, Pressure Cooker, Slow...
2025-07-17 22:37:27,352 - INFO - Extracted: Housewares 4-Cups (Cooked) / 1Qt. Rice & Grain Coo...
2025-07-17 22:37:28,583 - INFO - Extracted: 101 Things To Do With Rice...
2025-07-17 22:37:29,257 - INFO - Extracted: Rice...
2025-07-17 22:37:30,237 - INFO - Extracted: Rice Cooker 10 Cup, 24h Keep Warm, 18 Functions Fu...
2025-07-17 22:37:31,033 - INFO - Extracted: Rice Water Hair Growth Shampoo - Biotin Thickening...
2025-07-17 22:37:31,737 - INFO - Extracted: Rice is Life (TV Series)...
2025-07-17 22:37:33,258 - INFO - Extracted: Rice: Discover Delicious Rice Recipes to Re-Imagin...
2025-07-17 22:37:34,470 - INFO - Extracted: Housewares Aroma 6-cup (cooked) 1.5 Qt. One Touch ...
2025-07-17 22:37:35,942 - INFO - Extracted: Free White Rice (TV Series)...
2025-07-17 22:37:37,479 - INFO - Extracted: Premium Sushi Rice, 10lbs...
2025-07-17 22:37:38,128 - INFO - Extracted: Rice Cookbook: An Easy Rice Cookbook with 50 Delic...
2025-07-17 22:37:39,728 - INFO - Extracted: The Simple Art of Rice: Recipes from Around the Wo...
2025-07-17 22:37:40,883 - INFO - Extracted: Korean Rice Mochi Face Cleanser - Face Mask, Foami...
2025-07-17 22:37:41,770 - INFO - Extracted: Nadeshiko Rice Mask (10 pieces) - Imported from Ja...
2025-07-17 22:37:42,944 - INFO - Extracted: Rice Recipes: Enjoy All Types of Rice with Delicio...
2025-07-17 22:37:44,461 - INFO - Extracted: Easy Rice Cookbook...
2025-07-17 22:37:45,947 - INFO - Extracted: Zojirushi Rice cooker Cookbook: 210+ Perfect Rice ...
2025-07-17 22:37:47,234 - INFO - Extracted: Rice Water Hair Growth Shampoo & Conditioner: Biot...
2025-07-17 22:37:48,412 - INFO - Extracted: Anne Rice's Mayfair Witches (TV Series)...
2025-07-17 22:37:49,951 - INFO - Extracted: White Peach & Crushed Rice Body Scrub Exfoliates a...
2025-07-17 22:37:51,424 - INFO - Extracted: Everyday Rice Cookbook: 200 Recipes for Main Dishe...
2025-07-17 22:37:52,295 - INFO - Extracted: RICE ENZYME BRIGHTENING CLEANSING POWDER, Rice Mas...
2025-07-17 22:37:53,442 - INFO - Extracted: Rice Water Shampoo Bar - Dry Hair Shampoo & Soap B...
2025-07-17 22:37:54,246 - INFO - Extracted: Rice Craft: Yummy! Healthy! Fun to Make!...
2025-07-17 22:37:55,146 - INFO - Extracted: Rice: The Grain that Sustains...
2025-07-17 22:37:59,535 - INFO - Scraping completed. Total products collected: 50
2025-07-17 22:38:01,664 - INFO - Data saved to amazon_rice_products.csv
2025-07-17 22:38:01,669 - INFO - Data saved to amazon_rice_products.json
2025-07-17 22:38:01,671 - INFO - Using fallback method to simulate BigBasket API...
2025-07-17 22:38:01,672 - INFO - Generated: India Gate Basmati Rice - Classic
2025-07-17 22:38:01,672 - INFO - Generated: Kohinoor Super Basmati Rice
2025-07-17 22:38:01,672 - INFO - Generated: Tilda Pure Basmati Rice
2025-07-17 22:38:01,672 - INFO - Generated: Daawat Rozana Gold Basmati Rice
2025-07-17 22:38:01,673 - INFO - Generated: Aashirvaad Select Sharbati Rice
2025-07-17 22:38:01,673 - INFO - Generated: Aashirvaad Basmati Rice
2025-07-17 22:38:01,774 - INFO - Generated: Tilda Brown Rice
2025-07-17 22:38:01,876 - INFO - Generated: Tilda Jasmine Rice
2025-07-17 22:38:01,976 - INFO - Generated: Tilda Basmati Rice
2025-07-17 22:38:02,078 - INFO - Generated: Daawat White Rice
2025-07-17 22:38:02,180 - INFO - Generated: Kohinoor Brown Rice
2025-07-17 22:38:02,281 - INFO - Generated: Tilda Sona Masuri Rice
2025-07-17 22:38:02,382 - INFO - Generated: Daawat White Rice
2025-07-17 22:38:02,483 - INFO - Generated: Daawat Brown Rice
2025-07-17 22:38:02,584 - INFO - Generated: Tilda Brown Rice
2025-07-17 22:38:02,685 - INFO - Generated: Tilda Jasmine Rice
2025-07-17 22:38:02,786 - INFO - Generated: Kohinoor Jasmine Rice
2025-07-17 22:38:02,888 - INFO - Generated: Aashirvaad Brown Rice
2025-07-17 22:38:02,989 - INFO - Generated: Kohinoor White Rice
2025-07-17 22:38:03,091 - INFO - Generated: Tilda Sona Masuri Rice
2025-07-17 22:38:03,192 - INFO - Generated: Fortune Basmati Rice
2025-07-17 22:38:03,293 - INFO - Generated: Aashirvaad White Rice
2025-07-17 22:38:03,395 - INFO - Generated: Kohinoor Jasmine Rice
2025-07-17 22:38:03,496 - INFO - Generated: Fortune Basmati Rice
2025-07-17 22:38:03,598 - INFO - Generated: Lal Qilla Jasmine Rice
2025-07-17 22:38:03,699 - INFO - Generated: Aashirvaad Jasmine Rice
2025-07-17 22:38:03,800 - INFO - Generated: Lal Qilla White Rice
2025-07-17 22:38:03,902 - INFO - Generated: Kohinoor Ponni Rice
2025-07-17 22:38:04,003 - INFO - Generated: Fortune Brown Rice
2025-07-17 22:38:04,104 - INFO - Generated: Kohinoor White Rice
2025-07-17 22:38:04,206 - INFO - Generated: Lal Qilla Jasmine Rice
2025-07-17 22:38:04,307 - INFO - Generated: Daawat White Rice
2025-07-17 22:38:04,408 - INFO - Generated: Kohinoor Brown Rice
2025-07-17 22:38:04,509 - INFO - Generated: India Gate Basmati Rice
2025-07-17 22:38:04,611 - INFO - Generated: Fortune Sona Masuri Rice
2025-07-17 22:38:04,712 - INFO - Generated: Lal Qilla Ponni Rice
2025-07-17 22:38:04,813 - INFO - Generated: Lal Qilla Brown Rice
2025-07-17 22:38:04,914 - INFO - Generated: Tilda Ponni Rice
2025-07-17 22:38:05,015 - INFO - Generated: Fortune White Rice
2025-07-17 22:38:05,116 - INFO - Generated: Aashirvaad Brown Rice
2025-07-17 22:38:05,217 - INFO - Generated: Lal Qilla Brown Rice
2025-07-17 22:38:05,318 - INFO - Generated: Kohinoor Brown Rice
2025-07-17 22:38:05,420 - INFO - Generated: India Gate Sona Masuri Rice
2025-07-17 22:38:05,521 - INFO - Generated: Kohinoor Jasmine Rice
2025-07-17 22:38:05,622 - INFO - Generated: Tilda Ponni Rice
2025-07-17 22:38:05,724 - INFO - Generated: India Gate Ponni Rice
2025-07-17 22:38:05,825 - INFO - Generated: Kohinoor Ponni Rice
2025-07-17 22:38:05,927 - INFO - Generated: Tilda Ponni Rice
2025-07-17 22:38:06,028 - INFO - Generated: Fortune White Rice
2025-07-17 22:38:06,129 - INFO - Generated: Lal Qilla Sona Masuri Rice
2025-07-17 22:38:06,232 - INFO - Data saved to bigbasket_rice_products.csv
2025-07-17 22:38:06,234 - INFO - Data saved to bigbasket_rice_products.json
2025-07-17 23:01:21,388 - INFO - Starting Amazon rice product scraping...
2025-07-17 23:01:26,160 - INFO - Scraping page 1 - Products collected: 0
2025-07-17 23:01:29,728 - INFO - Extracted: Jasmine Long Grain Rice, 2 Lb (Previously Amazon F...
2025-07-17 23:01:30,660 - INFO - Extracted: Spanish Style Yellow Rice, 3.4 lbs....
2025-07-17 23:01:31,693 - INFO - Extracted: Rice Sushi, 5 Lb...
2025-07-17 23:01:32,838 - INFO - Extracted: Long Grain White Rice 4-Gallon Pail, Emergency Foo...
2025-07-17 23:01:33,512 - INFO - Extracted: Calrose Rice, Nomura Yellow, 15-Pound...
2025-07-17 23:01:34,597 - INFO - Extracted: Royal Blend, Blend Of Texmati White, Brown, Red, A...
2025-07-17 23:01:36,037 - INFO - Extracted: Premium Long Grain Aromatic Jasmine White Rice - S...
2025-07-17 23:01:37,394 - INFO - Extracted: Organic White Jasmine Rice, 8 Ounce...
2025-07-17 23:01:38,873 - INFO - Extracted: Organic White Jasmine Rice, 30 OZ...
2025-07-17 23:01:40,235 - INFO - Extracted: RICE WHT SPANSH STYLE ENT 5.5 OZ...
2025-07-17 23:01:40,990 - INFO - Extracted: Cooked Brown Rice, 7.4-Ounces (Pack of 6)...
2025-07-17 23:01:41,609 - INFO - Extracted: Authentic Red Beans & Rice, Low Fat, 8oz (Red Bean...
2025-07-17 23:01:43,186 - INFO - Extracted: Rice | Low-Carb, Low-Calorie Hearts of Palm Rice |...
2025-07-17 23:01:44,756 - INFO - Extracted: Rice Org W/Cocnut Rte 7.05 OZ...
2025-07-17 23:01:45,534 - INFO - Extracted: Spanish Rice Pilaf, 6.75 Oz...
2025-07-17 23:01:46,763 - INFO - Extracted: Everything But The Fried Rice Seasoning | All Natu...
2025-07-17 23:01:47,604 - INFO - Extracted: Red Yeast Rice 1200mg with CoQ10 Supplement & Flus...
2025-07-17 23:01:48,466 - INFO - Extracted: Wild Rice, Regenerative Organic Certified, 6-Pack ...
2025-07-17 23:01:49,914 - INFO - Extracted: Housewares 4-Cups (Cooked) / 1Qt. Rice & Grain Coo...
2025-07-17 23:01:51,233 - INFO - Extracted: Rice Dispenser 25 Lbs(11.3kg), Rice Storage Contai...
2025-07-17 23:01:52,144 - INFO - Extracted: Rice Jam Mask 12.3oz – Korean Icheon Rice Face & B...
2025-07-17 23:01:52,954 - INFO - Extracted: Red Yeast Rice 2,400mg with CoQ10, 240 Veggie Caps...
2025-07-17 23:01:54,327 - INFO - Extracted: The Meat & Rice Cookbook: Hearty Asian Meat and Ri...
2025-07-17 23:01:55,622 - INFO - Extracted: Korean Rice Mochi Face Cleanser - Face Mask, Foami...
2025-07-17 23:01:57,140 - INFO - Extracted: 2PC Peel Shot Glow Rice Ampoule Duo, 2025 Upgrade ...
2025-07-17 23:01:58,519 - INFO - Extracted: Rice: Discover Delicious Rice Recipes to Re-Imagin...
2025-07-17 23:01:59,392 - INFO - Extracted: Rice Storage Container, Collapsible Airtight Food ...
2025-07-17 23:02:00,854 - INFO - Extracted: White Peach & Crushed Rice Body Scrub Exfoliates a...
2025-07-17 23:02:01,858 - INFO - Extracted: Rice Recipes: Enjoy All Types of Rice with Delicio...
2025-07-17 23:02:02,885 - INFO - Extracted: Housewares Aroma 6-cup (cooked) 1.5 Qt. One Touch ...
2025-07-17 23:02:04,459 - INFO - Extracted: Duo Plus 9-in-1 Multicooker, Pressure Cooker, Slow...
2025-07-17 23:02:05,174 - INFO - Extracted: Premium Sushi Rice, 10lbs...
2025-07-17 23:02:06,127 - INFO - Extracted: Rice Cookbook: An Easy Rice Cookbook with 50 Delic...
2025-07-17 23:02:06,880 - INFO - Extracted: Nadeshiko Rice Mask (10 pieces) - Imported from Ja...
2025-07-17 23:02:08,374 - INFO - Extracted: The Ultimate Aroma Rice Cooker Cookbook: 110 Quick...
2025-07-17 23:02:09,897 - INFO - Extracted: Rice Cooker 10 Cup, 24h Keep Warm, 18 Functions Fu...
2025-07-17 23:02:10,675 - INFO - Extracted: Easy Rice Cookbook...
2025-07-17 23:02:11,505 - INFO - Extracted: 101 Things To Do With Rice...
2025-07-17 23:02:13,241 - INFO - Extracted: ERC003B Electric Rice Cooker with Automatic Keep W...
2025-07-17 23:02:13,884 - INFO - Extracted: AROMA HOUSEWARES 6-CUP RICE COOKER COOKBOOK COLOR ...
2025-07-17 23:02:14,599 - INFO - Extracted: 22-25 Lbs Rice Dispenser, Large Cereal Dry Food St...
2025-07-17 23:02:15,986 - INFO - Extracted: 16-Cup Rice Cooker, 8-Cup Uncooked Rice, Steaming ...
2025-07-17 23:02:17,202 - INFO - Extracted: Rice Cooker 12 Cups Cooked/6 Cups Uncooked, Portab...
2025-07-17 23:02:18,790 - INFO - Extracted: Tarzan The Greystoke Legacy Under Siege (The Wild ...
2025-07-17 23:02:19,803 - INFO - Extracted: RICE ENZYME BRIGHTENING CLEANSING POWDER, Rice Mas...
2025-07-17 23:02:21,037 - INFO - Extracted: The Simple Art of Rice: Recipes from Around the Wo...
2025-07-17 23:02:21,771 - INFO - Extracted: Digital Programmable Rice Cooker & Food Steamer, 8...
2025-07-17 23:02:27,748 - INFO - Scraping page 2 - Products collected: 47
2025-07-17 23:02:32,687 - INFO - Extracted: Compact Rice Cooker, 6-in-1 Stainless Steel Multi ...
2025-07-17 23:02:34,065 - INFO - Extracted: Rice Washer Strainer Bowl - 4-in-1 Washing Bowl fo...
2025-07-17 23:02:35,592 - INFO - Extracted: Rice Craft: Yummy! Healthy! Fun to Make!...
2025-07-17 23:02:39,613 - INFO - Scraping completed. Total products collected: 50
2025-07-17 23:02:41,981 - INFO - Data saved to amazon_rice_products.csv
2025-07-17 23:02:41,988 - INFO - Data saved to amazon_rice_products.json
2025-07-18 07:59:08,342 - INFO - Starting Amazon rice product scraping...
2025-07-18 07:59:14,331 - INFO - Scraping page 1 - Products collected: 0
2025-07-18 07:59:18,188 - INFO - Extracted: Jasmine Long Grain Rice, 2 Lb (Previously Amazon F...
2025-07-18 07:59:19,334 - INFO - Extracted: Long Grain White Rice 4-Gallon Pail, Emergency Foo...
2025-07-18 07:59:20,334 - INFO - Extracted: Spanish Style Yellow Rice, 3.4 lbs....
2025-07-18 07:59:21,894 - INFO - Extracted: Calrose Rice, Nomura Yellow, 15-Pound...
2025-07-18 07:59:22,772 - INFO - Extracted: Royal Blend, Blend Of Texmati White, Brown, Red, A...
2025-07-18 07:59:24,395 - INFO - Extracted: Rice Sushi, 5 Lb...
2025-07-18 07:59:25,412 - INFO - Extracted: Organic White Jasmine Rice, 30 OZ...
2025-07-18 07:59:26,148 - INFO - Extracted: RICE WHT SPANSH STYLE ENT 5.5 OZ...
2025-07-18 07:59:27,237 - INFO - Extracted: Premium Long Grain Aromatic Jasmine White Rice - S...
2025-07-18 07:59:27,831 - INFO - Extracted: Cooked Brown Rice, 7.4-Ounces (Pack of 6)...
2025-07-18 07:59:28,826 - INFO - Extracted: Organic White Jasmine Rice, 8 Ounce...
2025-07-18 07:59:30,483 - INFO - Extracted: Authentic Red Beans & Rice, Low Fat, 8oz (Red Bean...
2025-07-18 07:59:31,733 - INFO - Extracted: Rice | Low-Carb, Low-Calorie Hearts of Palm Rice |...
2025-07-18 07:59:32,878 - INFO - Extracted: Rice Org W/Cocnut Rte 7.05 OZ...
2025-07-18 07:59:34,257 - INFO - Extracted: Wild Rice, Regenerative Organic Certified, 6-Pack ...
2025-07-18 07:59:35,300 - INFO - Extracted: Everything But The Fried Rice Seasoning | All Natu...
2025-07-18 07:59:36,213 - INFO - Extracted: Red Yeast Rice 1200mg with CoQ10 Supplement & Flus...
2025-07-18 07:59:37,750 - INFO - Extracted: Rice Dispenser 25 Lbs(11.3kg), Rice Storage Contai...
2025-07-18 07:59:39,003 - INFO - Extracted: Red Yeast Rice 2,400mg with CoQ10, 240 Veggie Caps...
2025-07-18 07:59:40,640 - INFO - Extracted: Duo Plus 9-in-1 Multicooker, Pressure Cooker, Slow...
2025-07-18 07:59:41,736 - INFO - Extracted: Housewares 4-Cups (Cooked) / 1Qt. Rice & Grain Coo...
2025-07-18 07:59:42,807 - INFO - Extracted: Rice Jam Mask 12.3oz – Korean Icheon Rice Face & B...
2025-07-18 07:59:44,065 - INFO - Extracted: White Peach & Crushed Rice Body Scrub Exfoliates a...
2025-07-18 07:59:45,625 - INFO - Extracted: Korean Rice Mochi Face Cleanser - Face Mask, Foami...
2025-07-18 07:59:46,996 - INFO - Extracted: 22-25 Lbs Rice Dispenser, Large Cereal Dry Food St...
2025-07-18 07:59:48,242 - INFO - Extracted: 101 Things To Do With Rice...
2025-07-18 07:59:49,356 - INFO - Extracted: Housewares Aroma 6-cup (cooked) 1.5 Qt. One Touch ...
2025-07-18 07:59:50,070 - INFO - Extracted: The Simple Art of Rice: Recipes from Around the Wo...
2025-07-18 07:59:51,432 - INFO - Extracted: Rice: Discover Delicious Rice Recipes to Re-Imagin...
2025-07-18 07:59:52,495 - INFO - Extracted: Nadeshiko Rice Mask (10 pieces) - Imported from Ja...
2025-07-18 07:59:53,550 - INFO - Extracted: Rice Washer Strainer Bowl - 4-in-1 Washing Bowl fo...
2025-07-18 07:59:54,886 - INFO - Extracted: ERC003B Electric Rice Cooker with Automatic Keep W...
2025-07-18 07:59:55,927 - INFO - Extracted: Rice Cooker 10 Cup, 24h Keep Warm, 18 Functions Fu...
2025-07-18 07:59:57,292 - INFO - Extracted: Zojirushi Rice cooker Cookbook: 210+ Perfect Rice ...
2025-07-18 07:59:58,184 - INFO - Extracted: Rice Water Shampoo Bar - Dry Hair Shampoo & Soap B...
2025-07-18 07:59:58,955 - INFO - Extracted: RICE ENZYME BRIGHTENING CLEANSING POWDER, Rice Mas...
2025-07-18 07:59:59,955 - INFO - Extracted: Easy Rice Cookbook...
2025-07-18 08:00:00,663 - INFO - Extracted: Rice Recipes: Enjoy All Types of Rice with Delicio...
2025-07-18 08:00:02,137 - INFO - Extracted: Rice Cookbook: An Easy Rice Cookbook with 50 Delic...
2025-07-18 08:00:03,335 - INFO - Extracted: 16-Cup Rice Cooker, 8-Cup Uncooked Rice, Steaming ...
2025-07-18 08:00:04,758 - INFO - Extracted: Compact Rice Cooker, 6-in-1 Stainless Steel Multi ...
2025-07-18 08:00:05,589 - INFO - Extracted: Low Carb Sugar Rice Cooker 2 Cups Uncooked and 4 C...
2025-07-18 08:00:06,714 - INFO - Extracted: Rice Craft: Yummy! Healthy! Fun to Make!...
2025-07-18 08:00:07,546 - INFO - Extracted: Ultimate Potato & Rice Cookbook: Main Dishes, Cass...
2025-07-18 08:00:08,861 - INFO - Extracted: Ultimate Nourishing Rice Overnight Spa Mask, 60ml ...
2025-07-18 08:00:09,551 - INFO - Extracted: Digital Programmable Rice Cooker & Food Steamer, 8...
2025-07-18 08:00:10,369 - INFO - Extracted: Everyday Rice Cookbook: 200 Recipes for Main Dishe...
2025-07-18 08:00:11,741 - INFO - Extracted: NEW Fermented Rice Water for Hair Growth - Infused...
2025-07-18 08:00:16,890 - INFO - Scraping page 2 - Products collected: 48
2025-07-18 08:00:19,652 - INFO - Extracted: Rice Storage Container, Collapsible Airtight Food ...
2025-07-18 08:00:20,440 - INFO - Extracted: 101 Yummy Wild Rice Recipes: A Yummy Wild Rice Coo...
2025-07-18 08:00:26,181 - INFO - Scraping completed. Total products collected: 50
2025-07-18 08:00:28,598 - INFO - Data saved to amazon_rice_products.csv
2025-07-18 08:00:28,606 - INFO - Data saved to amazon_rice_products.json
2025-07-18 08:38:02,208 - INFO - Starting Amazon rice product scraping...
2025-07-18 08:38:09,615 - INFO - Scraping page 1 - Products collected: 0
2025-07-18 08:38:12,832 - INFO - Extracted: Jasmine Long Grain Rice, 2 Lb (Previously Amazon F...
2025-07-18 08:38:14,491 - INFO - Extracted: Spanish Style Yellow Rice, 3.4 lbs....
2025-07-18 08:38:16,055 - INFO - Extracted: Long Grain White Rice 4-Gallon Pail, Emergency Foo...
2025-07-18 08:38:17,081 - INFO - Extracted: Royal Blend, Blend Of Texmati White, Brown, Red, A...
2025-07-18 08:38:18,694 - INFO - Extracted: Rice Sushi, 5 Lb...
2025-07-18 08:38:19,516 - INFO - Extracted: Calrose Rice, Nomura Yellow, 15-Pound...
2025-07-18 08:38:21,122 - INFO - Extracted: Premium Long Grain Aromatic Jasmine White Rice - S...
2025-07-18 08:38:22,048 - INFO - Extracted: RICE WHT SPANSH STYLE ENT 5.5 OZ...
2025-07-18 08:38:23,220 - INFO - Extracted: Organic White Jasmine Rice, 30 OZ...
2025-07-18 08:38:24,458 - INFO - Extracted: Organic White Jasmine Rice, 8 Ounce...
2025-07-18 08:38:25,661 - INFO - Extracted: Cooked Brown Rice, 7.4-Ounces (Pack of 6)...
2025-07-18 08:38:26,730 - INFO - Extracted: Authentic Red Beans & Rice, Low Fat, 8oz (Red Bean...
2025-07-18 08:38:27,966 - INFO - Extracted: Rice | Low-Carb, Low-Calorie Hearts of Palm Rice |...
2025-07-18 08:38:28,572 - INFO - Extracted: Rice Org W/Cocnut Rte 7.05 OZ...
2025-07-18 08:38:29,665 - INFO - Extracted: Everything But The Fried Rice Seasoning | All Natu...
2025-07-18 08:38:30,470 - INFO - Extracted: Red Yeast Rice 1200mg with CoQ10 Supplement & Flus...
2025-07-18 08:38:31,823 - INFO - Extracted: Wild Rice, Regenerative Organic Certified, 6-Pack ...
2025-07-18 08:38:32,981 - INFO - Extracted: Housewares 4-Cups (Cooked) / 1Qt. Rice & Grain Coo...
2025-07-18 08:38:33,823 - INFO - Extracted: Red Yeast Rice 2,400mg with CoQ10, 240 Veggie Caps...
2025-07-18 08:38:35,252 - INFO - Extracted: Rice Dispenser 25 Lbs(11.3kg), Rice Storage Contai...
2025-07-18 08:38:36,003 - INFO - Extracted: The Meat & Rice Cookbook: Hearty Asian Meat and Ri...
2025-07-18 08:38:37,564 - INFO - Extracted: Rice Jam Mask 12.3oz – Korean Icheon Rice Face & B...
2025-07-18 08:38:39,265 - INFO - Extracted: Duo Plus 9-in-1 Multicooker, Pressure Cooker, Slow...
2025-07-18 08:38:40,264 - INFO - Extracted: Rice: Discover Delicious Rice Recipes to Re-Imagin...
2025-07-18 08:38:41,402 - INFO - Extracted: White Peach & Crushed Rice Body Scrub Exfoliates a...
2025-07-18 08:38:42,453 - INFO - Extracted: Korean Rice Mochi Face Cleanser - Face Mask, Foami...
2025-07-18 08:38:44,018 - INFO - Extracted: Rice Recipes: Enjoy All Types of Rice with Delicio...
2025-07-18 08:38:45,273 - INFO - Extracted: Housewares Aroma 6-cup (cooked) 1.5 Qt. One Touch ...
2025-07-18 08:38:46,486 - INFO - Extracted: Rice Cookbook: An Easy Rice Cookbook with 50 Delic...
2025-07-18 08:38:47,735 - INFO - Extracted: ERC003B Electric Rice Cooker with Automatic Keep W...
2025-07-18 08:38:49,387 - INFO - Extracted: Easy Rice Cookbook...
2025-07-18 08:38:50,239 - INFO - Extracted: The Ultimate Aroma Rice Cooker Cookbook: 110 Quick...
2025-07-18 08:38:51,489 - INFO - Extracted: 101 Things To Do With Rice...
2025-07-18 08:38:53,086 - INFO - Extracted: Rice Cooker 10 Cup, 24h Keep Warm, 18 Functions Fu...
2025-07-18 08:38:54,689 - INFO - Extracted: Rice Foam Cleanser - Gentle Korean Face Wash with ...
2025-07-18 08:38:56,376 - INFO - Extracted: The Simple Art of Rice: Recipes from Around the Wo...
2025-07-18 08:38:59,637 - INFO - Extracted: 101 Yummy Wild Rice Recipes: A Yummy Wild Rice Coo...
2025-07-18 08:39:01,424 - INFO - Extracted: Nadeshiko Rice Mask (10 pieces) - Imported from Ja...
2025-07-18 08:39:02,614 - INFO - Extracted: 16-Cup Rice Cooker, 8-Cup Uncooked Rice, Steaming ...
2025-07-18 08:39:04,379 - INFO - Extracted: AROMA HOUSEWARES 6-CUP RICE COOKER COOKBOOK COLOR ...
2025-07-18 08:39:05,327 - INFO - Extracted: 22-25 Lbs Rice Dispenser, Large Cereal Dry Food St...
2025-07-18 08:39:06,804 - INFO - Extracted: Rice Cooker 12 Cups Cooked/6 Cups Uncooked, Portab...
2025-07-18 08:39:08,544 - INFO - Extracted: Digital Programmable Rice Cooker & Food Steamer, 8...
2025-07-18 08:39:09,835 - INFO - Extracted: Tarzan The Greystoke Legacy Under Siege (The Wild ...
2025-07-18 08:39:10,620 - INFO - Extracted: RICE ENZYME BRIGHTENING CLEANSING POWDER, Rice Mas...
2025-07-18 08:39:11,565 - INFO - Extracted: Rice Craft: Yummy! Healthy! Fun to Make!...
2025-07-18 08:39:12,990 - INFO - Extracted: Compact Rice Cooker, 6-in-1 Stainless Steel Multi ...
2025-07-18 08:39:18,878 - INFO - Scraping page 2 - Products collected: 47
2025-07-18 08:39:21,830 - INFO - Extracted: Rice: The Grain that Sustains...
2025-07-18 08:39:23,592 - INFO - Extracted: Rice Storage Container, Collapsible Airtight Food ...
2025-07-18 08:39:24,950 - INFO - Extracted: Rice: a Savor the South cookbook (Savor the South ...
2025-07-18 08:39:30,443 - INFO - Scraping completed. Total products collected: 50
2025-07-18 08:39:33,353 - INFO - Data saved to amazon_rice_products.csv
2025-07-18 08:39:33,358 - INFO - Data saved to amazon_rice_products.json
